Component: ARM Compiler 5.05 update 1 (build 106) Tool: armlink [4d0efa]

==============================================================================

Section Cross References

    main.o(i.advertising_init) refers to memseta.o(.text) for __aeabi_memclr4
    main.o(i.advertising_init) refers to ble_advertising.o(i.ble_advertising_init) for ble_advertising_init
    main.o(i.advertising_init) refers to app_error.o(i.app_error_handler) for app_error_handler
    main.o(i.advertising_init) refers to main.o(.data) for m_adv_uuids
    main.o(i.advertising_init) refers to main.o(i.on_adv_evt) for on_adv_evt
    main.o(i.application_timers_start) refers to app_timer.o(i.app_timer_start) for app_timer_start
    main.o(i.application_timers_start) refers to app_error.o(i.app_error_handler) for app_error_handler
    main.o(i.application_timers_start) refers to main.o(.constdata) for m_blinky_timer_id
    main.o(i.assert_nrf_callback) refers to app_error.o(i.app_error_handler) for app_error_handler
    main.o(i.ble_evt_dispatch) refers to device_manager_peripheral.o(i.dm_ble_evt_handler) for dm_ble_evt_handler
    main.o(i.ble_evt_dispatch) refers to ble_conn_params.o(i.ble_conn_params_on_ble_evt) for ble_conn_params_on_ble_evt
    main.o(i.ble_evt_dispatch) refers to bsp_btn_ble.o(i.bsp_btn_ble_on_ble_evt) for bsp_btn_ble_on_ble_evt
    main.o(i.ble_evt_dispatch) refers to main.o(i.on_ble_evt) for on_ble_evt
    main.o(i.ble_evt_dispatch) refers to ble_advertising.o(i.ble_advertising_on_ble_evt) for ble_advertising_on_ble_evt
    main.o(i.ble_stack_init) refers to softdevice_handler.o(i.softdevice_handler_init) for softdevice_handler_init
    main.o(i.ble_stack_init) refers to app_error.o(i.app_error_handler) for app_error_handler
    main.o(i.ble_stack_init) refers to softdevice_handler.o(i.softdevice_ble_evt_handler_set) for softdevice_ble_evt_handler_set
    main.o(i.ble_stack_init) refers to softdevice_handler.o(i.softdevice_sys_evt_handler_set) for softdevice_sys_evt_handler_set
    main.o(i.ble_stack_init) refers to main.o(.bss) for BLE_EVT_BUFFER
    main.o(i.ble_stack_init) refers to main.o(i.ble_evt_dispatch) for ble_evt_dispatch
    main.o(i.ble_stack_init) refers to main.o(i.sys_evt_dispatch) for sys_evt_dispatch
    main.o(i.blinky_timeout_handler) refers to main.o(.data) for flag
    main.o(i.bsp_event_handler) refers to main.o(i.sleep_mode_enter) for sleep_mode_enter
    main.o(i.bsp_event_handler) refers to app_error.o(i.app_error_handler) for app_error_handler
    main.o(i.bsp_event_handler) refers to ble_advertising.o(i.ble_advertising_restart_without_whitelist) for ble_advertising_restart_without_whitelist
    main.o(i.bsp_event_handler) refers to main.o(.data) for m_conn_handle
    main.o(i.buttons_leds_init) refers to bsp.o(i.bsp_init) for bsp_init
    main.o(i.buttons_leds_init) refers to app_error.o(i.app_error_handler) for app_error_handler
    main.o(i.buttons_leds_init) refers to bsp_btn_ble.o(i.bsp_btn_ble_init) for bsp_btn_ble_init
    main.o(i.buttons_leds_init) refers to main.o(i.bsp_event_handler) for bsp_event_handler
    main.o(i.conn_params_error_handler) refers to app_error.o(i.app_error_handler) for app_error_handler
    main.o(i.conn_params_init) refers to memseta.o(.text) for __aeabi_memclr4
    main.o(i.conn_params_init) refers to ble_conn_params.o(i.ble_conn_params_init) for ble_conn_params_init
    main.o(i.conn_params_init) refers to app_error.o(i.app_error_handler) for app_error_handler
    main.o(i.conn_params_init) refers to main.o(i.on_conn_params_evt) for on_conn_params_evt
    main.o(i.conn_params_init) refers to main.o(i.conn_params_error_handler) for conn_params_error_handler
    main.o(i.device_manager_evt_handler) refers to app_error.o(i.app_error_handler) for app_error_handler
    main.o(i.device_manager_init) refers to pstorage.o(i.pstorage_init) for pstorage_init
    main.o(i.device_manager_init) refers to app_error.o(i.app_error_handler) for app_error_handler
    main.o(i.device_manager_init) refers to device_manager_peripheral.o(i.dm_init) for dm_init
    main.o(i.device_manager_init) refers to memseta.o(.text) for __aeabi_memclr
    main.o(i.device_manager_init) refers to device_manager_peripheral.o(i.dm_register) for dm_register
    main.o(i.device_manager_init) refers to main.o(i.device_manager_evt_handler) for device_manager_evt_handler
    main.o(i.device_manager_init) refers to main.o(.data) for m_app_handle
    main.o(i.gap_params_init) refers to app_error.o(i.app_error_handler) for app_error_handler
    main.o(i.main) refers to nrf_drv_ppi.o(i.nrf_drv_ppi_init) for nrf_drv_ppi_init
    main.o(i.main) refers to app_error.o(i.app_error_handler) for app_error_handler
    main.o(i.main) refers to nrf_drv_gpiote.o(i.nrf_drv_gpiote_init) for nrf_drv_gpiote_init
    main.o(i.main) refers to nrf_drv_gpiote.o(i.nrf_drv_gpiote_out_init) for nrf_drv_gpiote_out_init
[...]
    cmd_queue_init                           0x000198c1   Thumb Code    28  pstorage.o(i.cmd_queue_init)
    i.command_end_procedure_run              0x000198e0   Section        0  pstorage.o(i.command_end_procedure_run)
    command_end_procedure_run                0x000198e1   Thumb Code    34  pstorage.o(i.command_end_procedure_run)
    i.command_queue_element_consume          0x00019908   Section        0  pstorage.o(i.command_queue_element_consume)
    command_queue_element_consume            0x00019909   Thumb Code    40  pstorage.o(i.command_queue_element_consume)
    i.compare_reg_update                     0x00019934   Section        0  app_timer.o(i.compare_reg_update)
    compare_reg_update                       0x00019935   Thumb Code   126  app_timer.o(i.compare_reg_update)
    i.conn_int_check                         0x000199c0   Section        0  ble_advdata.o(i.conn_int_check)
    conn_int_check                           0x000199c1   Thumb Code    88  ble_advdata.o(i.conn_int_check)
    i.conn_int_encode                        0x00019a1c   Section        0  ble_advdata.o(i.conn_int_encode)
    conn_int_encode                          0x00019a1d   Thumb Code   102  ble_advdata.o(i.conn_int_encode)
    i.conn_params_error_handler              0x00019a82   Section        0  main.o(i.conn_params_error_handler)
    conn_params_error_handler                0x00019a83   Thumb Code    20  main.o(i.conn_params_error_handler)
    i.conn_params_init                       0x00019a98   Section        0  main.o(i.conn_params_init)
    conn_params_init                         0x00019a99   Thumb Code    84  main.o(i.conn_params_init)
    i.conn_params_negotiation                0x00019af4   Section        0  ble_conn_params.o(i.conn_params_negotiation)
    conn_params_negotiation                  0x00019af5   Thumb Code   126  ble_conn_params.o(i.conn_params_negotiation)
    i.connection_buttons_configure           0x00019b88   Section        0  bsp_btn_ble.o(i.connection_buttons_configure)
    connection_buttons_configure             0x00019b89   Thumb Code    90  bsp_btn_ble.o(i.connection_buttons_configure)
    i.connection_instance_find               0x00019be4   Section        0  device_manager_peripheral.o(i.connection_instance_find)
    connection_instance_find                 0x00019be5   Thumb Code    64  device_manager_peripheral.o(i.connection_instance_find)
    i.connection_instance_init               0x00019c2c   Section        0  device_manager_peripheral.o(i.connection_instance_init)
    connection_instance_init                 0x00019c2d   Thumb Code    50  device_manager_peripheral.o(i.connection_instance_init)
    i.current_int_priority_get               0x00019c64   Section        0  nrf_drv_ppi.o(i.current_int_priority_get)
    current_int_priority_get                 0x00019c65   Thumb Code    84  nrf_drv_ppi.o(i.current_int_priority_get)
    i.current_int_priority_get               0x00019cc0   Section        0  app_timer.o(i.current_int_priority_get)
    current_int_priority_get                 0x00019cc1   Thumb Code    84  app_timer.o(i.current_int_priority_get)
    i.data_page_erase_state_run              0x00019d1c   Section        0  pstorage.o(i.data_page_erase_state_run)
    data_page_erase_state_run                0x00019d1d   Thumb Code   116  pstorage.o(i.data_page_erase_state_run)
    i.data_to_swap_write_state_run           0x00019da0   Section        0  pstorage.o(i.data_to_swap_write_state_run)
    data_to_swap_write_state_run             0x00019da1   Thumb Code    52  pstorage.o(i.data_to_swap_write_state_run)
    i.device_context_store                   0x00019dd8   Section        0  device_manager_peripheral.o(i.device_context_store)
    device_context_store                     0x00019dd9   Thumb Code   172  device_manager_peripheral.o(i.device_context_store)
    i.device_instance_allocate               0x00019ea8   Section        0  device_manager_peripheral.o(i.device_instance_allocate)
    device_instance_allocate                 0x00019ea9   Thumb Code   116  device_manager_peripheral.o(i.device_instance_allocate)
    i.device_instance_find                   0x00019f24   Section        0  device_manager_peripheral.o(i.device_instance_find)
    device_instance_find                     0x00019f25   Thumb Code    82  device_manager_peripheral.o(i.device_instance_find)
    i.device_instance_free                   0x00019f7c   Section        0  device_manager_peripheral.o(i.device_instance_free)
    device_instance_free                     0x00019f7d   Thumb Code    44  device_manager_peripheral.o(i.device_instance_free)
    i.device_manager_evt_handler             0x00019fac   Section        0  main.o(i.device_manager_evt_handler)
    device_manager_evt_handler               0x00019fad   Thumb Code    36  main.o(i.device_manager_evt_handler)
    i.device_manager_init                    0x00019fd0   Section        0  main.o(i.device_manager_init)
    device_manager_init                      0x00019fd1   Thumb Code   184  main.o(i.device_manager_init)
    i.dm_ble_evt_handler                     0x0001a090   Section        0  device_manager_peripheral.o(i.dm_ble_evt_handler)
    i.dm_handle_initialize                   0x0001a6c8   Section        0  device_manager_peripheral.o(i.dm_handle_initialize)
    i.dm_init                                0x0001a6e4   Section        0  device_manager_peripheral.o(i.dm_init)
    i.dm_pstorage_cb_handler                 0x0001a7ec   Section        0  device_manager_peripheral.o(i.dm_pstorage_cb_handler)
    dm_pstorage_cb_handler                   0x0001a7ed   Thumb Code   538  device_manager_peripheral.o(i.dm_pstorage_cb_handler)
    i.dm_register                            0x0001aa30   Section        0  device_manager_peripheral.o(i.dm_register)
    i.elapsed_ticks_acquire                  0x0001aaec   Section        0  app_timer.o(i.elapsed_ticks_acquire)
    elapsed_ticks_acquire                    0x0001aaed   Thumb Code    82  app_timer.o(i.elapsed_ticks_acquire)
    i.erase_sub_state_sm_run                 0x0001ab50   Section        0  pstorage.o(i.erase_sub_state_sm_run)
    erase_sub_state_sm_run                   0x0001ab51   Thumb Code    54  pstorage.o(i.erase_sub_state_sm_run)
    i.expired_timers_handler                 0x0001ab94   Section        0  app_timer.o(i.expired_timers_handler)
    expired_timers_handler                   0x0001ab95   Thumb Code    86  app_timer.o(i.expired_timers_handler)
    i.flags_encode                           0x0001abf0   Section        0  ble_advdata.o(i.flags_encode)
    flags_encode                             0x0001abf1   Thumb Code    54  ble_advdata.o(i.flags_encode)
    i.flash_api_err_code_process             0x0001ac28   Section        0  pstorage.o(i.flash_api_err_code_process)
    flash_api_err_code_process               0x0001ac29   Thumb Code    42  pstorage.o(i.flash_api_err_code_process)
    i.flash_operation_failure_run            0x0001ac58   Section        0  pstorage.o(i.flash_operation_failure_run)
    flash_operation_failure_run              0x0001ac59   Thumb Code    52  pstorage.o(i.flash_operation_failure_run)
    i.flash_operation_success_run            0x0001ac98   Section        0  pstorage.o(i.flash_operation_success_run)
    flash_operation_success_run              0x0001ac99   Thumb Code    44  pstorage.o(i.flash_operation_success_run)
    i.flash_page_erase                       0x0001acc8   Section        0  pstorage.o(i.flash_page_erase)
    flash_page_erase                         0x0001acc9   Thumb Code    16  pstorage.o(i.flash_page_erase)
    i.flash_write                            0x0001acd8   Section        0  pstorage.o(i.flash_write)
    flash_write                              0x0001acd9   Thumb Code    24  pstorage.o(i.flash_write)
    i.gap_params_init                        0x0001acf0   Section        0  main.o(i.gap_params_init)
    gap_params_init                          0x0001acf1   Thumb Code   122  main.o(i.gap_params_init)
    i.gattc_context_apply                    0x0001ad78   Section        0  device_manager_peripheral.o(i.gattc_context_apply)
    gattc_context_apply                      0x0001ad79   Thumb Code     6  device_manager_peripheral.o(i.gattc_context_apply)
    i.gattc_context_load                     0x0001ad7e   Section        0  device_manager_peripheral.o(i.gattc_context_load)
    gattc_context_load                       0x0001ad7f   Thumb Code     6  device_manager_peripheral.o(i.gattc_context_load)
    i.gattc_context_store                    0x0001ad84   Section        0  device_manager_peripheral.o(i.gattc_context_store)
    gattc_context_store                      0x0001ad85   Thumb Code     6  device_manager_peripheral.o(i.gattc_context_store)
    i.gatts_context_apply                    0x0001ad8c   Section        0  device_manager_peripheral.o(i.gatts_context_apply)
    gatts_context_apply                      0x0001ad8d   Thumb Code   222  device_manager_peripheral.o(i.gatts_context_apply)
    i.gatts_context_load                     0x0001ae80   Section        0  device_manager_peripheral.o(i.gatts_context_load)
    gatts_context_load                       0x0001ae81   Thumb Code    68  device_manager_peripheral.o(i.gatts_context_load)
    i.gatts_context_store                    0x0001aec8   Section        0  device_manager_peripheral.o(i.gatts_context_store)
    gatts_context_store                      0x0001aec9   Thumb Code   204  device_manager_peripheral.o(i.gatts_context_store)
    i.gattsc_context_apply                   0x0001afa4   Section        0  device_manager_peripheral.o(i.gattsc_context_apply)
    gattsc_context_apply                     0x0001afa5   Thumb Code    26  device_manager_peripheral.o(i.gattsc_context_apply)
    i.gattsc_context_load                    0x0001afbe   Section        0  device_manager_peripheral.o(i.gattsc_context_load)
    gattsc_context_load                      0x0001afbf   Thumb Code    30  device_manager_peripheral.o(i.gattsc_context_load)
    i.gattsc_context_store                   0x0001afdc   Section        0  device_manager_peripheral.o(i.gattsc_context_store)
    gattsc_context_store                     0x0001afdd   Thumb Code    30  device_manager_peripheral.o(i.gattsc_context_store)
    i.head_restore_state_run                 0x0001affc   Section        0  pstorage.o(i.head_restore_state_run)
    head_restore_state_run                   0x0001affd   Thumb Code    98  pstorage.o(i.head_restore_state_run)
    i.in_pin_handler                         0x0001b06c   Section        0  main.o(i.in_pin_handler)
    i.intern_softdevice_events_execute       0x0001b074   Section        0  softdevice_handler.o(i.intern_softdevice_events_execute)
    i.is_allocated_channel                   0x0001b130   Section        0  nrf_drv_ppi.o(i.is_allocated_channel)
    is_allocated_channel                     0x0001b131   Thumb Code    28  nrf_drv_ppi.o(i.is_allocated_channel)
    i.is_app_channel                         0x0001b150   Section        0  nrf_drv_ppi.o(i.is_app_channel)
    is_app_channel                           0x0001b151   Thumb Code    18  nrf_drv_ppi.o(i.is_app_channel)
    i.is_conn_params_ok                      0x0001b164   Section        0  ble_conn_params.o(i.is_conn_params_ok)
    is_conn_params_ok                        0x0001b165   Thumb Code    30  ble_conn_params.o(i.is_conn_params_ok)
    i.is_disabled_in_debug_needed            0x0001b188   Section        0  system_nrf51.o(i.is_disabled_in_debug_needed)
    is_disabled_in_debug_needed              0x0001b189   Thumb Code    52  system_nrf51.o(i.is_disabled_in_debug_needed)
    i.is_manual_peripheral_setup_needed      0x0001b1c0   Section        0  system_nrf51.o(i.is_manual_peripheral_setup_needed)
    is_manual_peripheral_setup_needed        0x0001b1c1   Thumb Code   104  system_nrf51.o(i.is_manual_peripheral_setup_needed)
    i.is_page_erase_required                 0x0001b22c   Section        0  pstorage.o(i.is_page_erase_required)
    is_page_erase_required                   0x0001b22d   Thumb Code    76  pstorage.o(i.is_page_erase_required)
    i.is_programmable_app_channel            0x0001b284   Section        0  nrf_drv_ppi.o(i.is_programmable_app_channel)
    is_programmable_app_channel              0x0001b285   Thumb Code    26  nrf_drv_ppi.o(i.is_programmable_app_channel)
    i.is_tail_data_page_swap_required        0x0001b2a0   Section        0  pstorage.o(i.is_tail_data_page_swap_required)
    is_tail_data_page_swap_required          0x0001b2a1   Thumb Code    68  pstorage.o(i.is_tail_data_page_swap_required)
    i.is_word_aligned                        0x0001b2f0   Section        0  pstorage.o(i.is_word_aligned)
    is_word_aligned                          0x0001b2f1   Thumb Code    18  pstorage.o(i.is_word_aligned)
    i.le_role_encode                         0x0001b302   Section        0  ble_advdata.o(i.le_role_encode)
    le_role_encode                           0x0001b303   Thumb Code   106  ble_advdata.o(i.le_role_encode)
    i.list_deletions_handler                 0x0001b36c   Section        0  app_timer.o(i.list_deletions_handler)
    list_deletions_handler                   0x0001b36d   Thumb Code   136  app_timer.o(i.list_deletions_handler)
    i.list_insertions_handler                0x0001b400   Section        0  app_timer.o(i.list_insertions_handler)
    list_insertions_handler                  0x0001b401   Thumb Code   248  app_timer.o(i.list_insertions_handler)
    i.main                                   0x0001b510   Section        0  main.o(i.main)
    i.main_state_err_busy_process            0x0001b664   Section        0  pstorage.o(i.main_state_err_busy_process)
    main_state_err_busy_process              0x0001b665   Thumb Code    24  pstorage.o(i.main_state_err_busy_process)
    i.manuf_specific_data_encode             0x0001b684   Section        0  ble_advdata.o(i.manuf_specific_data_encode)
    manuf_specific_data_encode               0x0001b685   Thumb Code   120  ble_advdata.o(i.manuf_specific_data_encode)
    i.name_encode                            0x0001b6fc   Section        0  ble_advdata.o(i.name_encode)
    name_encode                              0x0001b6fd   Thumb Code   194  ble_advdata.o(i.name_encode)
    i.no_service_context_apply               0x0001b7be   Section        0  device_manager_peripheral.o(i.no_service_context_apply)
    no_service_context_apply                 0x0001b7bf   Thumb Code     6  device_manager_peripheral.o(i.no_service_context_apply)
    i.no_service_context_load                0x0001b7c4   Section        0  device_manager_peripheral.o(i.no_service_context_load)
    no_service_context_load                  0x0001b7c5   Thumb Code     6  device_manager_peripheral.o(i.no_service_context_load)
    i.no_service_context_store               0x0001b7ca   Section        0  device_manager_peripheral.o(i.no_service_context_store)
    no_service_context_store                 0x0001b7cb   Thumb Code     6  device_manager_peripheral.o(i.no_service_context_store)
    i.nrf_drv_common_irq_enable              0x0001b7d0   Section        0  nrf_drv_common.o(i.nrf_drv_common_irq_enable)
    i.nrf_drv_gpiote_in_event_addr_get       0x0001b808   Section        0  nrf_drv_gpiote.o(i.nrf_drv_gpiote_in_event_addr_get)
    i.nrf_drv_gpiote_in_event_enable         0x0001b824   Section        0  nrf_drv_gpiote.o(i.nrf_drv_gpiote_in_event_enable)
    i.nrf_drv_gpiote_in_init                 0x0001b8ec   Section        0  nrf_drv_gpiote.o(i.nrf_drv_gpiote_in_init)
    i.nrf_drv_gpiote_init                    0x0001b9e0   Section        0  nrf_drv_gpiote.o(i.nrf_drv_gpiote_init)
    i.nrf_drv_gpiote_out_init                0x0001ba30   Section        0  nrf_drv_gpiote.o(i.nrf_drv_gpiote_out_init)
    i.nrf_drv_gpiote_out_task_addr_get       0x0001bb24   Section        0  nrf_drv_gpiote.o(i.nrf_drv_gpiote_out_task_addr_get)
    i.nrf_drv_gpiote_out_task_enable         0x0001bb40   Section        0  nrf_drv_gpiote.o(i.nrf_drv_gpiote_out_task_enable)
    i.nrf_drv_ppi_channel_alloc              0x0001bb8c   Section        0  nrf_drv_ppi.o(i.nrf_drv_ppi_channel_alloc)
    i.nrf_drv_ppi_channel_assign             0x0001bc60   Section        0  nrf_drv_ppi.o(i.nrf_drv_ppi_channel_assign)
    i.nrf_drv_ppi_channel_enable             0x0001bcb8   Section        0  nrf_drv_ppi.o(i.nrf_drv_ppi_channel_enable)
    i.nrf_drv_ppi_channel_to_mask            0x0001bcf8   Section        0  nrf_drv_ppi.o(i.nrf_drv_ppi_channel_to_mask)
    nrf_drv_ppi_channel_to_mask              0x0001bcf9   Thumb Code     8  nrf_drv_ppi.o(i.nrf_drv_ppi_channel_to_mask)
    i.nrf_drv_ppi_init                       0x0001bd00   Section        0  nrf_drv_ppi.o(i.nrf_drv_ppi_init)
    i.nrf_gpio_cfg                           0x0001bd1c   Section        0  nrf_drv_gpiote.o(i.nrf_gpio_cfg)
    nrf_gpio_cfg                             0x0001bd1d   Thumb Code    38  nrf_drv_gpiote.o(i.nrf_gpio_cfg)
    i.nrf_gpio_cfg_sense_set                 0x0001bd42   Section        0  nrf_drv_gpiote.o(i.nrf_gpio_cfg_sense_set)
    nrf_gpio_cfg_sense_set                   0x0001bd43   Thumb Code    70  nrf_drv_gpiote.o(i.nrf_gpio_cfg_sense_set)
    i.nrf_gpio_pin_clear                     0x0001bd88   Section        0  nrf_drv_gpiote.o(i.nrf_gpio_pin_clear)
    nrf_gpio_pin_clear                       0x0001bd89   Thumb Code    10  nrf_drv_gpiote.o(i.nrf_gpio_pin_clear)
    i.nrf_gpio_pin_set                       0x0001bd98   Section        0  nrf_drv_gpiote.o(i.nrf_gpio_pin_set)
    nrf_gpio_pin_set                         0x0001bd99   Thumb Code    10  nrf_drv_gpiote.o(i.nrf_gpio_pin_set)
    i.nrf_gpiote_event_addr_get              0x0001bda8   Section        0  nrf_drv_gpiote.o(i.nrf_gpiote_event_addr_get)
    nrf_gpiote_event_addr_get                0x0001bda9   Thumb Code     8  nrf_drv_gpiote.o(i.nrf_gpiote_event_addr_get)
    i.nrf_gpiote_event_clear                 0x0001bdb4   Section        0  nrf_drv_gpiote.o(i.nrf_gpiote_event_clear)
    nrf_gpiote_event_clear                   0x0001bdb5   Thumb Code    16  nrf_drv_gpiote.o(i.nrf_gpiote_event_clear)
    i.nrf_gpiote_event_is_set                0x0001bdc4   Section        0  nrf_drv_gpiote.o(i.nrf_gpiote_event_is_set)
    nrf_gpiote_event_is_set                  0x0001bdc5   Thumb Code    22  nrf_drv_gpiote.o(i.nrf_gpiote_event_is_set)
    i.nrf_gpiote_int_enable                  0x0001bddc   Section        0  nrf_drv_gpiote.o(i.nrf_gpiote_int_enable)
    nrf_gpiote_int_enable                    0x0001bddd   Thumb Code     6  nrf_drv_gpiote.o(i.nrf_gpiote_int_enable)
    i.on_adv_evt                             0x0001bde8   Section        0  main.o(i.on_adv_evt)
    on_adv_evt                               0x0001bde9   Thumb Code    58  main.o(i.on_adv_evt)
    i.on_ble_evt                             0x0001be24   Section        0  main.o(i.on_ble_evt)
    on_ble_evt                               0x0001be25   Thumb Code    72  main.o(i.on_ble_evt)
    i.on_conn_params_evt                     0x0001be70   Section        0  main.o(i.on_conn_params_evt)
    on_conn_params_evt                       0x0001be71   Thumb Code    46  main.o(i.on_conn_params_evt)
    i.on_conn_params_update                  0x0001bea4   Section        0  ble_conn_params.o(i.on_conn_params_update)
    on_conn_params_update                    0x0001bea5   Thumb Code    20  ble_conn_params.o(i.on_conn_params_update)
    i.on_connect                             0x0001bebc   Section        0  ble_conn_params.o(i.on_connect)
    on_connect                               0x0001bebd   Thumb Code    42  ble_conn_params.o(i.on_connect)
    i.on_disconnect                          0x0001bef8   Section        0  ble_conn_params.o(i.on_disconnect)
    on_disconnect                            0x0001bef9   Thumb Code    50  ble_conn_params.o(i.on_disconnect)
    i.on_write                               0x0001bf3c   Section        0  ble_conn_params.o(i.on_write)
    on_write                                 0x0001bf3d   Thumb Code    84  ble_conn_params.o(i.on_write)
    i.peer_address_exists                    0x0001bf98   Section        0  ble_advertising.o(i.peer_address_exists)
    peer_address_exists                      0x0001bf99   Thumb Code    26  ble_advertising.o(i.peer_address_exists)
    i.peer_instance_init                     0x0001bfb4   Section        0  device_manager_peripheral.o(i.peer_instance_init)
    peer_instance_init                       0x0001bfb5   Thumb Code    84  device_manager_peripheral.o(i.peer_instance_init)
    i.pin_in_use_by_gpiote                   0x0001c010   Section        0  nrf_drv_gpiote.o(i.pin_in_use_by_gpiote)
    pin_in_use_by_gpiote                     0x0001c011   Thumb Code    22  nrf_drv_gpiote.o(i.pin_in_use_by_gpiote)
    i.pin_in_use_by_port                     0x0001c02c   Section        0  nrf_drv_gpiote.o(i.pin_in_use_by_port)
    pin_in_use_by_port                       0x0001c02d   Thumb Code    18  nrf_drv_gpiote.o(i.pin_in_use_by_port)
    i.pin_in_use_by_te                       0x0001c044   Section        0  nrf_drv_gpiote.o(i.pin_in_use_by_te)
    pin_in_use_by_te                         0x0001c045   Thumb Code    26  nrf_drv_gpiote.o(i.pin_in_use_by_te)
    i.pin_in_use_clear                       0x0001c064   Section        0  nrf_drv_gpiote.o(i.pin_in_use_clear)
    pin_in_use_clear                         0x0001c065   Thumb Code    10  nrf_drv_gpiote.o(i.pin_in_use_clear)
    i.pstorage_access_status_get             0x0001c074   Section        0  pstorage.o(i.pstorage_access_status_get)
    i.pstorage_block_identifier_get          0x0001c0a4   Section        0  pstorage.o(i.pstorage_block_identifier_get)
    i.pstorage_clear                         0x0001c148   Section        0  pstorage.o(i.pstorage_clear)
    i.pstorage_flash_page_end                0x0001c260   Section        0  pstorage.o(i.pstorage_flash_page_end)
    pstorage_flash_page_end                  0x0001c261   Thumb Code    36  pstorage.o(i.pstorage_flash_page_end)
    i.pstorage_flash_page_size               0x0001c288   Section        0  pstorage.o(i.pstorage_flash_page_size)
    pstorage_flash_page_size                 0x0001c289   Thumb Code    10  pstorage.o(i.pstorage_flash_page_size)
    i.pstorage_init                          0x0001c294   Section        0  pstorage.o(i.pstorage_init)
    i.pstorage_load                          0x0001c31c   Section        0  pstorage.o(i.pstorage_load)
    i.pstorage_register                      0x0001c418   Section        0  pstorage.o(i.pstorage_register)
    i.pstorage_store                         0x0001c538   Section        0  pstorage.o(i.pstorage_store)
    i.pstorage_sys_event_handler             0x0001c618   Section        0  pstorage.o(i.pstorage_sys_event_handler)
    i.pstorage_update                        0x0001c664   Section        0  pstorage.o(i.pstorage_update)
    i.rtc1_compare0_set                      0x0001c744   Section        0  app_timer.o(i.rtc1_compare0_set)
    rtc1_compare0_set                        0x0001c745   Thumb Code     6  app_timer.o(i.rtc1_compare0_set)
    i.rtc1_counter_get                       0x0001c750   Section        0  app_timer.o(i.rtc1_counter_get)
    rtc1_counter_get                         0x0001c751   Thumb Code     6  app_timer.o(i.rtc1_counter_get)
    i.rtc1_init                              0x0001c75c   Section        0  app_timer.o(i.rtc1_init)
    rtc1_init                                0x0001c75d   Thumb Code    18  app_timer.o(i.rtc1_init)
    i.rtc1_start                             0x0001c774   Section        0  app_timer.o(i.rtc1_start)
    rtc1_start                               0x0001c775   Thumb Code    48  app_timer.o(i.rtc1_start)
    i.rtc1_stop                              0x0001c7b0   Section        0  app_timer.o(i.rtc1_stop)
    rtc1_stop                                0x0001c7b1   Thumb Code    66  app_timer.o(i.rtc1_stop)
    i.sec_mgr_oob_flags_encode               0x0001c808   Section        0  ble_advdata.o(i.sec_mgr_oob_flags_encode)
    sec_mgr_oob_flags_encode                 0x0001c809   Thumb Code    54  ble_advdata.o(i.sec_mgr_oob_flags_encode)
    i.service_data_encode                    0x0001c83e   Section        0  ble_advdata.o(i.service_data_encode)
    service_data_encode                      0x0001c83f   Thumb Code   150  ble_advdata.o(i.service_data_encode)
    i.services_init                          0x0001c8d4   Section        0  main.o(i.services_init)
    services_init                            0x0001c8d5   Thumb Code     2  main.o(i.services_init)
    i.sleep_mode_enter                       0x0001c8d6   Section        0  main.o(i.sleep_mode_enter)
    sleep_mode_enter                         0x0001c8d7   Thumb Code    94  main.o(i.sleep_mode_enter)
    i.sm_state_change                        0x0001c934   Section        0  pstorage.o(i.sm_state_change)
    sm_state_change                          0x0001c935   Thumb Code    14  pstorage.o(i.sm_state_change)
    i.softdevice_assertion_handler           0x0001c948   Section        0  softdevice_handler.o(i.softdevice_assertion_handler)
    i.softdevice_ble_evt_handler_set         0x0001c95c   Section        0  softdevice_handler.o(i.softdevice_ble_evt_handler_set)
    i.softdevice_handler_init                0x0001c974   Section        0  softdevice_handler.o(i.softdevice_handler_init)
    i.softdevice_sys_evt_handler_set         0x0001c9dc   Section        0  softdevice_handler.o(i.softdevice_sys_evt_handler_set)
    i.srdata_check                           0x0001c9f4   Section        0  ble_advdata.o(i.srdata_check)
    srdata_check                             0x0001c9f5   Thumb Code    16  ble_advdata.o(i.srdata_check)
    i.state_data_erase_entry_run             0x0001ca04   Section        0  pstorage.o(i.state_data_erase_entry_run)
    state_data_erase_entry_run               0x0001ca05   Thumb Code    12  pstorage.o(i.state_data_erase_entry_run)
    i.state_data_erase_swap_entry_run        0x0001ca14   Section        0  pstorage.o(i.state_data_erase_swap_entry_run)
    state_data_erase_swap_entry_run          0x0001ca15   Thumb Code   136  pstorage.o(i.state_data_erase_swap_entry_run)
    i.state_entry_action_run                 0x0001caac   Section        0  pstorage.o(i.state_entry_action_run)
    state_entry_action_run                   0x0001caad   Thumb Code    54  pstorage.o(i.state_entry_action_run)
    i.state_erase_data_page_entry_run        0x0001cae8   Section        0  pstorage.o(i.state_erase_data_page_entry_run)
    state_erase_data_page_entry_run          0x0001cae9   Thumb Code    12  pstorage.o(i.state_erase_data_page_entry_run)
    i.state_idle_entry_run                   0x0001caf8   Section        0  pstorage.o(i.state_idle_entry_run)
    state_idle_entry_run                     0x0001caf9   Thumb Code    18  pstorage.o(i.state_idle_entry_run)
    i.state_restore_head_entry_run           0x0001cb14   Section        0  pstorage.o(i.state_restore_head_entry_run)
    state_restore_head_entry_run             0x0001cb15   Thumb Code    44  pstorage.o(i.state_restore_head_entry_run)
    i.state_restore_tail_entry_run           0x0001cb48   Section        0  pstorage.o(i.state_restore_tail_entry_run)
    state_restore_tail_entry_run             0x0001cb49   Thumb Code    76  pstorage.o(i.state_restore_tail_entry_run)
    i.state_store_entry_run                  0x0001cb9c   Section        0  pstorage.o(i.state_store_entry_run)
    state_store_entry_run                    0x0001cb9d   Thumb Code     8  pstorage.o(i.state_store_entry_run)
    i.state_swap_erase_entry_run             0x0001cba4   Section        0  pstorage.o(i.state_swap_erase_entry_run)
    state_swap_erase_entry_run               0x0001cba5   Thumb Code    38  pstorage.o(i.state_swap_erase_entry_run)
    i.state_write_data_swap_entry_run        0x0001cbcc   Section        0  pstorage.o(i.state_write_data_swap_entry_run)
    state_write_data_swap_entry_run          0x0001cbcd   Thumb Code    46  pstorage.o(i.state_write_data_swap_entry_run)
    i.storage_operation_dummy_handler        0x0001cc00   Section        0  device_manager_peripheral.o(i.storage_operation_dummy_handler)
    storage_operation_dummy_handler          0x0001cc01   Thumb Code     8  device_manager_peripheral.o(i.storage_operation_dummy_handler)
    i.store_cmd_flash_write_execute          0x0001cc08   Section        0  pstorage.o(i.store_cmd_flash_write_execute)
    store_cmd_flash_write_execute            0x0001cc09   Thumb Code    92  pstorage.o(i.store_cmd_flash_write_execute)
    i.store_operation_execute                0x0001cc6c   Section        0  pstorage.o(i.store_operation_execute)
    store_operation_execute                  0x0001cc6d   Thumb Code    10  pstorage.o(i.store_operation_execute)
    i.store_sub_state_sm_run                 0x0001cc78   Section        0  pstorage.o(i.store_sub_state_sm_run)
    store_sub_state_sm_run                   0x0001cc79   Thumb Code    62  pstorage.o(i.store_sub_state_sm_run)
    i.swap_erase_state_run                   0x0001ccc4   Section        0  pstorage.o(i.swap_erase_state_run)
    swap_erase_state_run                     0x0001ccc5   Thumb Code    28  pstorage.o(i.swap_erase_state_run)
    i.swap_sub_sm_exit_action_run            0x0001cce4   Section        0  pstorage.o(i.swap_sub_sm_exit_action_run)
    swap_sub_sm_exit_action_run              0x0001cce5   Thumb Code     8  pstorage.o(i.swap_sub_sm_exit_action_run)
    i.swap_sub_state_entry_action_run        0x0001ccec   Section        0  pstorage.o(i.swap_sub_state_entry_action_run)
    swap_sub_state_entry_action_run          0x0001cced   Thumb Code    16  pstorage.o(i.swap_sub_state_entry_action_run)
    i.swap_sub_state_err_busy_process        0x0001cd04   Section        0  pstorage.o(i.swap_sub_state_err_busy_process)
    swap_sub_state_err_busy_process          0x0001cd05   Thumb Code    24  pstorage.o(i.swap_sub_state_err_busy_process)
    i.swap_sub_state_sm_run                  0x0001cd24   Section        0  pstorage.o(i.swap_sub_state_sm_run)
    swap_sub_state_sm_run                    0x0001cd25   Thumb Code    16  pstorage.o(i.swap_sub_state_sm_run)
    i.swap_sub_state_state_change            0x0001cd3c   Section        0  pstorage.o(i.swap_sub_state_state_change)
    swap_sub_state_state_change              0x0001cd3d   Thumb Code    14  pstorage.o(i.swap_sub_state_state_change)
    i.sys_evt_dispatch                       0x0001cd50   Section        0  main.o(i.sys_evt_dispatch)
    sys_evt_dispatch                         0x0001cd51   Thumb Code    18  main.o(i.sys_evt_dispatch)
    i.tail_restore_state_run                 0x0001cd64   Section        0  pstorage.o(i.tail_restore_state_run)
    tail_restore_state_run                   0x0001cd65   Thumb Code    26  pstorage.o(i.tail_restore_state_run)
    i.tail_word_size_calculate               0x0001cd84   Section        0  pstorage.o(i.tail_word_size_calculate)
    tail_word_size_calculate                 0x0001cd85   Thumb Code    84  pstorage.o(i.tail_word_size_calculate)
    i.ticks_diff_get                         0x0001cddc   Section        0  app_timer.o(i.ticks_diff_get)
    ticks_diff_get                           0x0001cddd   Thumb Code    10  app_timer.o(i.ticks_diff_get)
    i.timeout_handler_exec                   0x0001cde8   Section        0  app_timer.o(i.timeout_handler_exec)
    timeout_handler_exec                     0x0001cde9   Thumb Code    58  app_timer.o(i.timeout_handler_exec)
    i.timer_list_handler                     0x0001ce28   Section        0  app_timer.o(i.timer_list_handler)
    timer_list_handler                       0x0001ce29   Thumb Code    74  app_timer.o(i.timer_list_handler)
    i.timer_list_handler_sched               0x0001ce80   Section        0  app_timer.o(i.timer_list_handler_sched)
    timer_list_handler_sched                 0x0001ce81   Thumb Code    10  app_timer.o(i.timer_list_handler_sched)
    i.timer_list_insert                      0x0001ce8c   Section        0  app_timer.o(i.timer_list_insert)
    timer_list_insert                        0x0001ce8d   Thumb Code   104  app_timer.o(i.timer_list_insert)
    i.timer_list_remove                      0x0001cef8   Section        0  app_timer.o(i.timer_list_remove)
    timer_list_remove                        0x0001cef9   Thumb Code    96  app_timer.o(i.timer_list_remove)
    i.timer_start_op_schedule                0x0001cf68   Section        0  app_timer.o(i.timer_start_op_schedule)
    timer_start_op_schedule                  0x0001cf69   Thumb Code    82  app_timer.o(i.timer_start_op_schedule)
    i.timer_stop_op_schedule                 0x0001cfc0   Section        0  app_timer.o(i.timer_stop_op_schedule)
    timer_stop_op_schedule                   0x0001cfc1   Thumb Code    60  app_timer.o(i.timer_stop_op_schedule)
    i.timer_timeouts_check                   0x0001d000   Section        0  app_timer.o(i.timer_timeouts_check)
    timer_timeouts_check                     0x0001d001   Thumb Code   128  app_timer.o(i.timer_timeouts_check)
    i.timer_timeouts_check_sched             0x0001d094   Section        0  app_timer.o(i.timer_timeouts_check_sched)
    timer_timeouts_check_sched               0x0001d095   Thumb Code    10  app_timer.o(i.timer_timeouts_check_sched)
    i.timers_init                            0x0001d0a0   Section        0  main.o(i.timers_init)
    timers_init                              0x0001d0a1   Thumb Code   104  main.o(i.timers_init)
    i.tk_value_encode                        0x0001d114   Section        0  ble_advdata.o(i.tk_value_encode)
    tk_value_encode                          0x0001d115   Thumb Code    70  ble_advdata.o(i.tk_value_encode)
    i.tx_power_level_encode                  0x0001d15a   Section        0  ble_advdata.o(i.tx_power_level_encode)
    tx_power_level_encode                    0x0001d15b   Thumb Code    54  ble_advdata.o(i.tx_power_level_encode)
    i.uint16_encode                          0x0001d190   Section        0  ble_advdata.o(i.uint16_encode)
    uint16_encode                            0x0001d191   Thumb Code    18  ble_advdata.o(i.uint16_encode)
    i.update_operation_execute               0x0001d1a2   Section        0  pstorage.o(i.update_operation_execute)
    update_operation_execute                 0x0001d1a3   Thumb Code     8  pstorage.o(i.update_operation_execute)
    i.update_status_bit_reset                0x0001d1ac   Section        0  device_manager_peripheral.o(i.update_status_bit_reset)
    update_status_bit_reset                  0x0001d1ad   Thumb Code    16  device_manager_peripheral.o(i.update_status_bit_reset)
    i.update_timeout_handler                 0x0001d1c0   Section        0  ble_conn_params.o(i.update_timeout_handler)
    update_timeout_handler                   0x0001d1c1   Thumb Code   136  ble_conn_params.o(i.update_timeout_handler)
    i.user_id_get                            0x0001d25c   Section        0  app_timer.o(i.user_id_get)
    user_id_get                              0x0001d25d   Thumb Code    34  app_timer.o(i.user_id_get)
    i.user_op_alloc                          0x0001d27e   Section        0  app_timer.o(i.user_op_alloc)
    user_op_alloc                            0x0001d27f   Thumb Code    46  app_timer.o(i.user_op_alloc)
    i.user_op_enque                          0x0001d2ac   Section        0  app_timer.o(i.user_op_enque)
    user_op_enque                            0x0001d2ad   Thumb Code     4  app_timer.o(i.user_op_enque)
    i.uuid_list_encode                       0x0001d2b0   Section        0  ble_advdata.o(i.uuid_list_encode)
    uuid_list_encode                         0x0001d2b1   Thumb Code    68  ble_advdata.o(i.uuid_list_encode)
    i.uuid_list_sized_encode                 0x0001d2f4   Section        0  ble_advdata.o(i.uuid_list_sized_encode)
    uuid_list_sized_encode                   0x0001d2f5   Thumb Code   216  ble_advdata.o(i.uuid_list_sized_encode)
    i.whitelist_has_entries                  0x0001d3cc   Section        0  ble_advertising.o(i.whitelist_has_entries)
    whitelist_has_entries                    0x0001d3cd   Thumb Code    22  ble_advertising.o(i.whitelist_has_entries)
    .constdata                               0x0001d3e4   Section       12  main.o(.constdata)
    m_blinky_timer_id                        0x0001d3e4   Data           4  main.o(.constdata)
    .constdata                               0x0001d3f0   Section       16  bsp.o(.constdata)
    m_button_timer_id                        0x0001d3f0   Data           4  bsp.o(.constdata)
    m_buttons_list                           0x0001d3f4   Data           4  bsp.o(.constdata)
    app_buttons                              0x0001d3f8   Data           8  bsp.o(.constdata)
    .constdata                               0x0001d400   Section        4  ble_conn_params.o(.constdata)
    m_conn_params_timer_id                   0x0001d400   Data           4  ble_conn_params.o(.constdata)
    .constdata                               0x0001d404   Section       52  device_manager_peripheral.o(.constdata)
    .constdata                               0x0001d438   Section       40  pstorage.o(.constdata)
    swap_sub_state_sm_lut                    0x0001d438   Data          20  pstorage.o(.constdata)
    swap_sub_state_sm_lut                    0x0001d44c   Data          20  pstorage.o(.constdata)
    .data                                    0x20002000   Section        9  main.o(.data)
    m_app_handle                             0x20002000   Data           1  main.o(.data)
    m_conn_handle                            0x20002002   Data           2  main.o(.data)
    m_adv_uuids                              0x20002004   Data           4  main.o(.data)
    flag                                     0x20002008   Data           1  main.o(.data)
    .data                                    0x2000200c   Section       13  bsp.o(.data)
    m_app_ticks_per_100ms                    0x2000200c   Data           4  bsp.o(.data)
    m_registered_callback                    0x20002010   Data           4  bsp.o(.data)
    m_events_list                            0x20002014   Data           3  bsp.o(.data)
    current_long_push_pin_no                 0x20002017   Data           1  bsp.o(.data)
    release_event_at_push                    0x20002018   Data           1  bsp.o(.data)
    .data                                    0x2000201c   Section        8  bsp_btn_ble.o(.data)
    m_error_handler                          0x2000201c   Data           4  bsp_btn_ble.o(.data)
    m_num_connections                        0x20002020   Data           4  bsp_btn_ble.o(.data)
    .data                                    0x20002024   Section       32  ble_advertising.o(.data)
    m_advertising_start_pending              0x20002024   Data           1  ble_advertising.o(.data)
    m_peer_address                           0x20002025   Data           7  ble_advertising.o(.data)
    m_adv_evt                                0x2000202c   Data           1  ble_advertising.o(.data)
    m_evt_handler                            0x20002030   Data           4  ble_advertising.o(.data)
    m_error_handler                          0x20002034   Data           4  ble_advertising.o(.data)
    m_adv_mode_current                       0x20002038   Data           1  ble_advertising.o(.data)
    m_whitelist_temporarily_disabled         0x20002039   Data           1  ble_advertising.o(.data)
    m_whitelist_reply_expected               0x2000203a   Data           1  ble_advertising.o(.data)
    m_peer_addr_reply_expected               0x2000203b   Data           1  ble_advertising.o(.data)
    m_slave_conn_int                         0x2000203c   Data           4  ble_advertising.o(.data)
    m_tx_power_level                         0x20002040   Data           1  ble_advertising.o(.data)
    current_slave_link_conn_handle           0x20002042   Data           2  ble_advertising.o(.data)
    .data                                    0x20002044   Section       21  ble_conn_params.o(.data)
    m_preferred_conn_params                  0x20002044   Data           8  ble_conn_params.o(.data)
    m_update_count                           0x2000204c   Data           1  ble_conn_params.o(.data)
    m_conn_handle                            0x2000204e   Data           2  ble_conn_params.o(.data)
    m_current_conn_params                    0x20002050   Data           8  ble_conn_params.o(.data)
    m_change_param                           0x20002058   Data           1  ble_conn_params.o(.data)
    .data                                    0x2000205c   Section       20  device_manager_peripheral.o(.data)
    m_storage_handle                         0x2000205c   Data           8  device_manager_peripheral.o(.data)
    m_peer_addr_update                       0x20002064   Data           4  device_manager_peripheral.o(.data)
    m_module_initialized                     0x20002068   Data           1  device_manager_peripheral.o(.data)
    m_irk_index_table                        0x20002069   Data           7  device_manager_peripheral.o(.data)
    .data                                    0x20002070   Section       40  pstorage.o(.data)
    m_next_app_instance                      0x20002070   Data           2  pstorage.o(.data)
    m_next_page_addr                         0x20002074   Data           4  pstorage.o(.data)
    m_state                                  0x20002078   Data           1  pstorage.o(.data)
    m_swap_sub_state                         0x20002079   Data           1  pstorage.o(.data)
    m_head_word_size                         0x2000207c   Data           4  pstorage.o(.data)
    m_tail_word_size                         0x20002080   Data           4  pstorage.o(.data)
    m_current_page_id                        0x20002084   Data           4  pstorage.o(.data)
    m_num_of_command_retries                 0x20002088   Data           4  pstorage.o(.data)
    m_num_of_bytes_written                   0x2000208c   Data           4  pstorage.o(.data)
    m_app_data_size                          0x20002090   Data           4  pstorage.o(.data)
    m_flags                                  0x20002094   Data           4  pstorage.o(.data)
    .data                                    0x20002098   Section        9  nrf_drv_ppi.o(.data)
    m_drv_state                              0x20002098   Data           1  nrf_drv_ppi.o(.data)
    m_channels_allocated                     0x2000209c   Data           4  nrf_drv_ppi.o(.data)
    m_groups_allocated                       0x200020a0   Data           1  nrf_drv_ppi.o(.data)
    .data                                    0x200020a4   Section       34  app_timer.o(.data)
    m_user_array_size                        0x200020a4   Data           1  app_timer.o(.data)
    mp_users                                 0x200020a8   Data           4  app_timer.o(.data)
    mp_timer_id_head                         0x200020ac   Data           4  app_timer.o(.data)
    m_ticks_latest                           0x200020b0   Data           4  app_timer.o(.data)
    m_ticks_elapsed                          0x200020b4   Data           8  app_timer.o(.data)
    m_ticks_elapsed_q_read_ind               0x200020bc   Data           1  app_timer.o(.data)
    m_ticks_elapsed_q_write_ind              0x200020bd   Data           1  app_timer.o(.data)
    m_evt_schedule_func                      0x200020c0   Data           4  app_timer.o(.data)
    m_rtc1_running                           0x200020c4   Data           1  app_timer.o(.data)
    m_rtc1_reset                             0x200020c5   Data           1  app_timer.o(.data)
    .data                                    0x200020c8   Section       24  softdevice_handler.o(.data)
    m_evt_schedule_func                      0x200020c8   Data           4  softdevice_handler.o(.data)
    m_softdevice_enabled                     0x200020cc   Data           1  softdevice_handler.o(.data)
    mp_ble_evt_buffer                        0x200020d0   Data           4  softdevice_handler.o(.data)
    m_ble_evt_buffer_size                    0x200020d4   Data           2  softdevice_handler.o(.data)
    m_ble_evt_handler                        0x200020d8   Data           4  softdevice_handler.o(.data)
    m_sys_evt_handler                        0x200020dc   Data           4  softdevice_handler.o(.data)
    .data                                    0x200020e0   Section        4  system_nrf51.o(.data)
    __tagsym$$used                           0x200020e0   Number         0  system_nrf51.o(.data)
    .bss                                     0x200020e4   Section      560  main.o(.bss)
    m_blinky_timer_id_data                   0x200020e4   Data          32  main.o(.bss)
    APP_TIMER_BUF                            0x20002104   Data         456  main.o(.bss)
    BLE_EVT_BUFFER                           0x200022cc   Data          72  main.o(.bss)
    .bss                                     0x20002314   Section       32  bsp.o(.bss)
    m_button_timer_id_data                   0x20002314   Data          32  bsp.o(.bss)
    .bss                                     0x20002334   Section      259  ble_advertising.o(.bss)
    m_advdata                                0x20002334   Data          56  ble_advertising.o(.bss)
    m_adv_modes_config                       0x2000236c   Data          36  ble_advertising.o(.bss)
    m_whitelist                              0x20002390   Data          16  ble_advertising.o(.bss)
    mp_whitelist_addr                        0x200023a0   Data          32  ble_advertising.o(.bss)
    mp_whitelist_irk                         0x200023c0   Data          32  ble_advertising.o(.bss)
    m_manuf_specific_data                    0x200023e0   Data          12  ble_advertising.o(.bss)
    m_manuf_data_array                       0x200023ec   Data          31  ble_advertising.o(.bss)
    m_service_data                           0x2000240c   Data          12  ble_advertising.o(.bss)
    m_service_data_array                     0x20002418   Data          31  ble_advertising.o(.bss)
    .bss                                     0x20002438   Section       60  ble_conn_params.o(.bss)
    m_conn_params_config                     0x20002438   Data          28  ble_conn_params.o(.bss)
    m_conn_params_timer_id_data              0x20002454   Data          32  ble_conn_params.o(.bss)
    .bss                                     0x20002474   Section      335  device_manager_peripheral.o(.bss)
    m_app_context_table                      0x20002474   Data          28  device_manager_peripheral.o(.bss)
    m_peer_table                             0x20002490   Data         196  device_manager_peripheral.o(.bss)
    m_bond_table                             0x20002554   Data          28  device_manager_peripheral.o(.bss)
    m_gatts_table                            0x20002570   Data          36  device_manager_peripheral.o(.bss)
    m_connection_table                       0x20002594   Data          12  device_manager_peripheral.o(.bss)
    m_application_table                      0x200025a0   Data          12  device_manager_peripheral.o(.bss)
    m_local_id_info                          0x200025ac   Data          23  device_manager_peripheral.o(.bss)
    .bss                                     0x200025c4   Section       72  nrf_drv_gpiote.o(.bss)
    m_cb                                     0x200025c4   Data          72  nrf_drv_gpiote.o(.bss)
    .bss                                     0x2000260c   Section      228  pstorage.o(.bss)
    m_cmd_queue                              0x2000260c   Data         204  pstorage.o(.bss)
    m_app_table                              0x200026d8   Data          24  pstorage.o(.bss)
    STACK                                    0x200026f0   Section     2048  arm_startup_nrf51.o(STACK)

    Global Symbols

    Symbol Name                              Value     Ov Type        Size  Object(Section)

    BuildAttributes$$THM_ISAv3M$S$PE$A:L22$X:L11$S22$IEEE1$IW$USESV6$~STKCKD$USESV7$~SHL$OSPACE$EBA8$MICROLIB$REQ8$PRES8$EABIv2 0x00000000   Number         0  anon$$obj.o ABSOLUTE
    __ARM_use_no_argv                        0x00000000   Number         0  main.o ABSOLUTE
    __cpp_initialize__aeabi_                  - Undefined Weak Reference
    __cxa_finalize                            - Undefined Weak Reference
    __decompress                              - Undefined Weak Reference
    _clock_init                               - Undefined Weak Reference
    _microlib_exit                            - Undefined Weak Reference
    __Vectors_Size                           0x000000c0   Number         0  arm_startup_nrf51.o ABSOLUTE
    __Vectors                                0x00018000   Data           4  arm_startup_nrf51.o(RESET)
    __Vectors_End                            0x000180c0   Data           0  arm_startup_nrf51.o(RESET)
    __main                                   0x000180c1   Thumb Code     0  entry.o(.ARM.Collect$$$$00000000)
    _main_stk                                0x000180c1   Thumb Code     0  entry2.o(.ARM.Collect$$$$00000001)
    _main_scatterload                        0x000180c5   Thumb Code     0  entry5.o(.ARM.Collect$$$$00000004)
    __main_after_scatterload                 0x000180c9   Thumb Code     0  entry5.o(.ARM.Collect$$$$00000004)
    _main_clock                              0x000180c9   Thumb Code     0  entry7b.o(.ARM.Collect$$$$00000008)
    _main_cpp_init                           0x000180c9   Thumb Code     0  entry8b.o(.ARM.Collect$$$$0000000A)
    _main_init                               0x000180c9   Thumb Code     0  entry9a.o(.ARM.Collect$$$$0000000B)
    __rt_final_cpp                           0x000180d1   Thumb Code     0  entry10a.o(.ARM.Collect$$$$0000000D)
    __rt_final_exit                          0x000180d1   Thumb Code     0  entry11a.o(.ARM.Collect$$$$0000000F)
    __asm___11_app_timer_c_cd27f9c3__nrf_delay_us 0x000180d5   Thumb Code    30  app_timer.o(.emb_text)
    Reset_Handler                            0x000180f5   Thumb Code    26  arm_startup_nrf51.o(.text)
    NMI_Handler                              0x0001810f   Thumb Code     2  arm_startup_nrf51.o(.text)
    HardFault_Handler                        0x00018111   Thumb Code     2  arm_startup_nrf51.o(.text)
    SVC_Handler                              0x00018113   Thumb Code     2  arm_startup_nrf51.o(.text)
    PendSV_Handler                           0x00018115   Thumb Code     2  arm_startup_nrf51.o(.text)
    SysTick_Handler                          0x00018117   Thumb Code     2  arm_startup_nrf51.o(.text)
    ADC_IRQHandler                           0x00018119   Thumb Code     0  arm_startup_nrf51.o(.text)
    CCM_AAR_IRQHandler                       0x00018119   Thumb Code     0  arm_startup_nrf51.o(.text)
    ECB_IRQHandler                           0x00018119   Thumb Code     0  arm_startup_nrf51.o(.text)
    LPCOMP_IRQHandler                        0x00018119   Thumb Code     0  arm_startup_nrf51.o(.text)
    POWER_CLOCK_IRQHandler                   0x00018119   Thumb Code     0  arm_startup_nrf51.o(.text)
    QDEC_IRQHandler                          0x00018119   Thumb Code     0  arm_startup_nrf51.o(.text)
    RADIO_IRQHandler                         0x00018119   Thumb Code     0  arm_startup_nrf51.o(.text)
    RNG_IRQHandler                           0x00018119   Thumb Code     0  arm_startup_nrf51.o(.text)
    RTC0_IRQHandler                          0x00018119   Thumb Code     0  arm_startup_nrf51.o(.text)
    SPI0_TWI0_IRQHandler                     0x00018119   Thumb Code     0  arm_startup_nrf51.o(.text)
    SPI1_TWI1_IRQHandler                     0x00018119   Thumb Code     0  arm_startup_nrf51.o(.text)
    SWI1_IRQHandler                          0x00018119   Thumb Code     0  arm_startup_nrf51.o(.text)
    SWI3_IRQHandler                          0x00018119   Thumb Code     0  arm_startup_nrf51.o(.text)
    SWI4_IRQHandler                          0x00018119   Thumb Code     0  arm_startup_nrf51.o(.text)
    SWI5_IRQHandler                          0x00018119   Thumb Code     0  arm_startup_nrf51.o(.text)
    TEMP_IRQHandler                          0x00018119   Thumb Code     0  arm_startup_nrf51.o(.text)
    TIMER0_IRQHandler                        0x00018119   Thumb Code     0  arm_startup_nrf51.o(.text)
    TIMER1_IRQHandler                        0x00018119   Thumb Code     0  arm_startup_nrf51.o(.text)
    TIMER2_IRQHandler                        0x00018119   Thumb Code     0  arm_startup_nrf51.o(.text)
    UART0_IRQHandler                         0x00018119   Thumb Code     0  arm_startup_nrf51.o(.text)
    WDT_IRQHandler                           0x00018119   Thumb Code     0  arm_startup_nrf51.o(.text)
    __aeabi_uidiv                            0x0001812d   Thumb Code     0  uidiv.o(.text)
    __aeabi_uidivmod                         0x0001812d   Thumb Code    44  uidiv.o(.text)
    __aeabi_idiv                             0x00018159   Thumb Code     0  idiv.o(.text)
    __aeabi_idivmod                          0x00018159   Thumb Code    40  idiv.o(.text)
    __aeabi_memcpy                           0x00018181   Thumb Code    36  memcpya.o(.text)
    __aeabi_memcpy4                          0x00018181   Thumb Code     0  memcpya.o(.text)
    __aeabi_memcpy8                          0x00018181   Thumb Code     0  memcpya.o(.text)
    __aeabi_memset                           0x000181a5   Thumb Code    14  memseta.o(.text)
    __aeabi_memset4                          0x000181a5   Thumb Code     0  memseta.o(.text)
    __aeabi_memset8                          0x000181a5   Thumb Code     0  memseta.o(.text)
    __aeabi_memclr                           0x000181b3   Thumb Code     4  memseta.o(.text)
    __aeabi_memclr4                          0x000181b3   Thumb Code     0  memseta.o(.text)
    __aeabi_memclr8                          0x000181b3   Thumb Code     0  memseta.o(.text)
    _memset$wrapper                          0x000181b7   Thumb Code    18  memseta.o(.text)
    memcmp                                   0x000181c9   Thumb Code    26  memcmp.o(.text)
    __scatterload                            0x000181e5   Thumb Code    28  init.o(.text)
    __scatterload_rt2                        0x000181e5   Thumb Code     0  init.o(.text)
    GPIOTE_IRQHandler                        0x00018209   Thumb Code   378  nrf_drv_gpiote.o(i.GPIOTE_IRQHandler)
    RTC1_IRQHandler                          0x000184c1   Thumb Code    34  app_timer.o(i.RTC1_IRQHandler)
    SWI0_IRQHandler                          0x000184e9   Thumb Code     8  app_timer.o(i.SWI0_IRQHandler)
    SWI2_IRQHandler                          0x000184f1   Thumb Code    50  softdevice_handler.o(i.SWI2_IRQHandler)
    SystemInit                               0x00018529   Thumb Code    38  system_nrf51.o(i.SystemInit)
    __scatterload_copy                       0x00018561   Thumb Code    14  handlers.o(i.__scatterload_copy)
    __scatterload_null                       0x0001856f   Thumb Code     2  handlers.o(i.__scatterload_null)
    __scatterload_zeroinit                   0x00018571   Thumb Code    14  handlers.o(i.__scatterload_zeroinit)
    adv_data_encode                          0x0001857f   Thumb Code   444  ble_advdata.o(i.adv_data_encode)
    app_error_handler                        0x0001881d   Thumb Code    48  app_error.o(i.app_error_handler)
    app_timer_create                         0x000188c5   Thumb Code    60  app_timer.o(i.app_timer_create)
    app_timer_init                           0x00018905   Thumb Code   156  app_timer.o(i.app_timer_init)
    app_timer_start                          0x000189bd   Thumb Code    82  app_timer.o(i.app_timer_start)
    app_timer_stop                           0x00018a15   Thumb Code    50  app_timer.o(i.app_timer_stop)
    ble_advdata_set                          0x00018adf   Thumb Code   136  ble_advdata.o(i.ble_advdata_set)
    ble_advertising_init                     0x00018b69   Thumb Code   316  ble_advertising.o(i.ble_advertising_init)
    ble_advertising_on_ble_evt               0x00018cdd   Thumb Code   236  ble_advertising.o(i.ble_advertising_on_ble_evt)
    ble_advertising_on_sys_evt               0x00018de1   Thumb Code    70  ble_advertising.o(i.ble_advertising_on_sys_evt)
    ble_advertising_start                    0x00018e45   Thumb Code   654  ble_advertising.o(i.ble_advertising_start)
    ble_conn_params_init                     0x00019101   Thumb Code    90  ble_conn_params.o(i.ble_conn_params_init)
    ble_conn_params_on_ble_evt               0x00019179   Thumb Code    62  ble_conn_params.o(i.ble_conn_params_on_ble_evt)
    bond_data_load                           0x00019329   Thumb Code    62  device_manager_peripheral.o(i.bond_data_load)
    bsp_btn_ble_on_ble_evt                   0x00019379   Thumb Code   122  bsp_btn_ble.o(i.bsp_btn_ble_on_ble_evt)
    bsp_btn_ble_sleep_mode_prepare           0x000193fd   Thumb Code    30  bsp_btn_ble.o(i.bsp_btn_ble_sleep_mode_prepare)
    bsp_event_to_button_action_assign        0x000194f5   Thumb Code    88  bsp.o(i.bsp_event_to_button_action_assign)
    bsp_indication_set                       0x00019551   Thumb Code     6  bsp.o(i.bsp_indication_set)
    bsp_wakeup_buttons_set                   0x00019559   Thumb Code    84  bsp.o(i.bsp_wakeup_buttons_set)
    dm_ble_evt_handler                       0x0001a091   Thumb Code  1562  device_manager_peripheral.o(i.dm_ble_evt_handler)
    dm_handle_initialize                     0x0001a6c9   Thumb Code    24  device_manager_peripheral.o(i.dm_handle_initialize)
    dm_init                                  0x0001a6e5   Thumb Code   230  device_manager_peripheral.o(i.dm_init)
    dm_register                              0x0001aa31   Thumb Code   176  device_manager_peripheral.o(i.dm_register)
    in_pin_handler                           0x0001b06d   Thumb Code     6  main.o(i.in_pin_handler)
    intern_softdevice_events_execute         0x0001b075   Thumb Code   168  softdevice_handler.o(i.intern_softdevice_events_execute)
    main                                     0x0001b511   Thumb Code   330  main.o(i.main)
    nrf_drv_common_irq_enable                0x0001b7d1   Thumb Code    48  nrf_drv_common.o(i.nrf_drv_common_irq_enable)
    nrf_drv_gpiote_in_event_addr_get         0x0001b809   Thumb Code    26  nrf_drv_gpiote.o(i.nrf_drv_gpiote_in_event_addr_get)
    nrf_drv_gpiote_in_event_enable           0x0001b825   Thumb Code   186  nrf_drv_gpiote.o(i.nrf_drv_gpiote_in_event_enable)
    nrf_drv_gpiote_in_init                   0x0001b8ed   Thumb Code   228  nrf_drv_gpiote.o(i.nrf_drv_gpiote_in_init)
    nrf_drv_gpiote_init                      0x0001b9e1   Thumb Code    76  nrf_drv_gpiote.o(i.nrf_drv_gpiote_init)
    nrf_drv_gpiote_out_init                  0x0001ba31   Thumb Code   230  nrf_drv_gpiote.o(i.nrf_drv_gpiote_out_init)
    nrf_drv_gpiote_out_task_addr_get         0x0001bb25   Thumb Code    24  nrf_drv_gpiote.o(i.nrf_drv_gpiote_out_task_addr_get)
    nrf_drv_gpiote_out_task_enable           0x0001bb41   Thumb Code    62  nrf_drv_gpiote.o(i.nrf_drv_gpiote_out_task_enable)
    nrf_drv_ppi_channel_alloc                0x0001bb8d   Thumb Code   204  nrf_drv_ppi.o(i.nrf_drv_ppi_channel_alloc)
    nrf_drv_ppi_channel_assign               0x0001bc61   Thumb Code    82  nrf_drv_ppi.o(i.nrf_drv_ppi_channel_assign)
    nrf_drv_ppi_channel_enable               0x0001bcb9   Thumb Code    58  nrf_drv_ppi.o(i.nrf_drv_ppi_channel_enable)
    nrf_drv_ppi_init                         0x0001bd01   Thumb Code    22  nrf_drv_ppi.o(i.nrf_drv_ppi_init)
    pstorage_access_status_get               0x0001c075   Thumb Code    40  pstorage.o(i.pstorage_access_status_get)
    pstorage_block_identifier_get            0x0001c0a5   Thumb Code   154  pstorage.o(i.pstorage_block_identifier_get)
    pstorage_clear                           0x0001c149   Thumb Code   270  pstorage.o(i.pstorage_clear)
    pstorage_init                            0x0001c295   Thumb Code   104  pstorage.o(i.pstorage_init)
    pstorage_load                            0x0001c31d   Thumb Code   242  pstorage.o(i.pstorage_load)
    pstorage_register                        0x0001c419   Thumb Code   270  pstorage.o(i.pstorage_register)
    pstorage_store                           0x0001c539   Thumb Code   216  pstorage.o(i.pstorage_store)
    pstorage_sys_event_handler               0x0001c619   Thumb Code    66  pstorage.o(i.pstorage_sys_event_handler)
    pstorage_update                          0x0001c665   Thumb Code   216  pstorage.o(i.pstorage_update)
    softdevice_assertion_handler             0x0001c949   Thumb Code    18  softdevice_handler.o(i.softdevice_assertion_handler)
    softdevice_ble_evt_handler_set           0x0001c95d   Thumb Code    18  softdevice_handler.o(i.softdevice_ble_evt_handler_set)
    softdevice_handler_init                  0x0001c975   Thumb Code    84  softdevice_handler.o(i.softdevice_handler_init)
    softdevice_sys_evt_handler_set           0x0001c9dd   Thumb Code    18  softdevice_handler.o(i.softdevice_sys_evt_handler_set)
    m_service_context_store                  0x0001d404   Data          16  device_manager_peripheral.o(.constdata)
    m_service_context_load                   0x0001d414   Data          16  device_manager_peripheral.o(.constdata)
    m_service_context_apply                  0x0001d424   Data          16  device_manager_peripheral.o(.constdata)
    m_context_init_len                       0x0001d434   Data           4  device_manager_peripheral.o(.constdata)
    Region$$Table$$Base                      0x0001d460   Number         0  anon$$obj.o(Region$$Table)
    Region$$Table$$Limit                     0x0001d480   Number         0  anon$$obj.o(Region$$Table)
    SystemCoreClock                          0x200020e0   Data           4  system_nrf51.o(.data)
    __initial_sp                             0x20002ef0   Data           0  arm_startup_nrf51.o(STACK)



==============================================================================

Memory Map of the image

  Image Entry point : 0x000180c1

  Load Region LR_IROM1 (Base: 0x00018000, Size: 0x00005564, Max: 0x00028000, ABSOLUTE)

    Execution Region ER_IROM1 (Base: 0x00018000, Size: 0x00005480, Max: 0x00028000, ABSOLUTE)

    Base Addr    Size         Type   Attr      Idx    E Section Name        Object

    0x00018000   0x000000c0   Data   RO         2252    RESET               arm_startup_nrf51.o
    0x000180c0   0x00000000   Code   RO         2299  * .ARM.Collect$$$$00000000  mc_p.l(entry.o)
    0x000180c0   0x00000004   Code   RO         2316    .ARM.Collect$$$$00000001  mc_p.l(entry2.o)
    0x000180c4   0x00000004   Code   RO         2319    .ARM.Collect$$$$00000004  mc_p.l(entry5.o)
    0x000180c8   0x00000000   Code   RO         2321    .ARM.Collect$$$$00000008  mc_p.l(entry7b.o)
    0x000180c8   0x00000000   Code   RO         2323    .ARM.Collect$$$$0000000A  mc_p.l(entry8b.o)
    0x000180c8   0x00000008   Code   RO         2324    .ARM.Collect$$$$0000000B  mc_p.l(entry9a.o)
    0x000180d0   0x00000000   Code   RO         2326    .ARM.Collect$$$$0000000D  mc_p.l(entry10a.o)
    0x000180d0   0x00000000   Code   RO         2328    .ARM.Collect$$$$0000000F  mc_p.l(entry11a.o)
    0x000180d0   0x00000004   Code   RO         2317    .ARM.Collect$$$$00002712  mc_p.l(entry2.o)
    0x000180d4   0x0000001e   Code   RO         1938    .emb_text           app_timer.o
    0x000180f2   0x00000002   PAD
    0x000180f4   0x00000038   Code   RO         2253    .text               arm_startup_nrf51.o
    0x0001812c   0x0000002c   Code   RO         2302    .text               mc_p.l(uidiv.o)
    0x00018158   0x00000028   Code   RO         2304    .text               mc_p.l(idiv.o)
    0x00018180   0x00000024   Code   RO         2306    .text               mc_p.l(memcpya.o)
    0x000181a4   0x00000024   Code   RO         2308    .text               mc_p.l(memseta.o)
    0x000181c8   0x0000001a   Code   RO         2312    .text               mc_p.l(memcmp.o)
    0x000181e2   0x00000002   PAD
    0x000181e4   0x00000024   Code   RO         2330    .text               mc_p.l(init.o)
    0x00018208   0x0000018c   Code   RO         1126    i.GPIOTE_IRQHandler  nrf_drv_gpiote.o
    0x00018394   0x00000014   Code   RO         1939    i.NVIC_ClearPendingIRQ  app_timer.o
    0x000183a8   0x00000014   Code   RO         1940    i.NVIC_EnableIRQ    app_timer.o
    0x000183bc   0x00000014   Code   RO         1941    i.NVIC_SetPendingIRQ  app_timer.o
    0x000183d0   0x00000078   Code   RO         1092    i.NVIC_SetPriority  nrf_drv_common.o
    0x00018448   0x00000078   Code   RO         1942    i.NVIC_SetPriority  app_timer.o
    0x000184c0   0x00000028   Code   RO         1943    i.RTC1_IRQHandler   app_timer.o
    0x000184e8   0x00000008   Code   RO         1944    i.SWI0_IRQHandler   app_timer.o
    0x000184f0   0x00000038   Code   RO         2188    i.SWI2_IRQHandler   softdevice_handler.o
    0x00018528   0x00000038   Code   RO         2260    i.SystemInit        system_nrf51.o
    0x00018560   0x0000000e   Code   RO         2334    i.__scatterload_copy  mc_p.l(handlers.o)
    0x0001856e   0x00000002   Code   RO         2335    i.__scatterload_null  mc_p.l(handlers.o)
    0x00018570   0x0000000e   Code   RO         2336    i.__scatterload_zeroinit  mc_p.l(handlers.o)
    0x0001857e   0x000001bc   Code   RO          482    i.adv_data_encode   ble_advdata.o
    0x0001873a   0x00000014   Code   RO          483    i.advdata_check     ble_advdata.o
    0x0001874e   0x0000005a   Code   RO          435    i.advertising_buttons_configure  bsp_btn_ble.o
    0x000187a8   0x00000074   Code   RO            3    i.advertising_init  main.o
    0x0001881c   0x00000038   Code   RO         1915    i.app_error_handler  app_error.o
    0x00018854   0x0000001c   Code   RO          792    i.app_evt_notify    device_manager_peripheral.o
    0x00018870   0x00000030   Code   RO         1364    i.app_notify        pstorage.o
    0x000188a0   0x00000024   Code   RO         1365    i.app_notify_error_state_transit  pstorage.o
    0x000188c4   0x00000040   Code   RO         1947    i.app_timer_create  app_timer.o
    0x00018904   0x000000b8   Code   RO         1948    i.app_timer_init    app_timer.o
    0x000189bc   0x00000058   Code   RO         1949    i.app_timer_start   app_timer.o
    0x00018a14   0x00000038   Code   RO         1950    i.app_timer_stop    app_timer.o
    0x00018a4c   0x00000050   Code   RO          484    i.appearance_encode  ble_advdata.o
    0x00018a9c   0x00000030   Code   RO            4    i.application_timers_start  main.o
    0x00018acc   0x00000012   Code   RO         1693    i.are_app_channels  nrf_drv_ppi.o
    0x00018ade   0x00000088   Code   RO          485    i.ble_advdata_set   ble_advdata.o
    0x00018b66   0x00000002   PAD
    0x00018b68   0x00000174   Code   RO          596    i.ble_advertising_init  ble_advertising.o
    0x00018cdc   0x00000104   Code   RO          597    i.ble_advertising_on_ble_evt  ble_advertising.o
    0x00018de0   0x00000054   Code   RO          598    i.ble_advertising_on_sys_evt  ble_advertising.o
    0x00018e34   0x00000010   Code   RO          600    i.ble_advertising_peer_address_clear  ble_advertising.o
    0x00018e44   0x000002bc   Code   RO          602    i.ble_advertising_start  ble_advertising.o
    0x00019100   0x00000078   Code   RO          669    i.ble_conn_params_init  ble_conn_params.o
    0x00019178   0x0000003e   Code   RO          670    i.ble_conn_params_on_ble_evt  ble_conn_params.o
    0x000191b6   0x0000006c   Code   RO          486    i.ble_device_addr_encode  ble_advdata.o
    0x00019222   0x00000024   Code   RO            6    i.ble_evt_dispatch  main.o
    0x00019246   0x00000002   PAD
    0x00019248   0x000000a4   Code   RO            7    i.ble_stack_init    main.o
    0x000192ec   0x0000003c   Code   RO            8    i.blinky_timeout_handler  main.o
    0x00019328   0x00000050   Code   RO          793    i.bond_data_load    device_manager_peripheral.o
    0x00019378   0x00000084   Code   RO          437    i.bsp_btn_ble_on_ble_evt  bsp_btn_ble.o
    0x000193fc   0x0000001e   Code   RO          438    i.bsp_btn_ble_sleep_mode_prepare  bsp_btn_ble.o
    0x0001941a   0x00000002   PAD
    0x0001941c   0x000000d8   Code   RO          340    i.bsp_button_event_handler  bsp.o
    0x000194f4   0x0000005c   Code   RO          345    i.bsp_event_to_button_action_assign  bsp.o
    0x00019550   0x00000006   Code   RO          346    i.bsp_indication_set  bsp.o
    0x00019556   0x00000002   PAD
    0x00019558   0x0000005c   Code   RO          349    i.bsp_wakeup_buttons_set  bsp.o
    0x000195b4   0x00000020   Code   RO         1127    i.channel_free      nrf_drv_gpiote.o
    0x000195d4   0x00000010   Code   RO         1128    i.channel_handler_get  nrf_drv_gpiote.o
    0x000195e4   0x00000078   Code   RO         1129    i.channel_port_alloc  nrf_drv_gpiote.o
    0x0001965c   0x0000000c   Code   RO         1130    i.channel_port_get  nrf_drv_gpiote.o
    0x00019668   0x00000114   Code   RO         1366    i.clear_operation_execute  pstorage.o
    0x0001977c   0x00000028   Code   RO         1367    i.clear_post_processing_run  pstorage.o
    0x000197a4   0x00000048   Code   RO         1368    i.cmd_process       pstorage.o
    0x000197ec   0x00000014   Code   RO         1369    i.cmd_queue_dequeue  pstorage.o
    0x00019800   0x0000003c   Code   RO         1370    i.cmd_queue_element_init  pstorage.o
    0x0001983c   0x00000084   Code   RO         1371    i.cmd_queue_enqueue  pstorage.o
    0x000198c0   0x00000020   Code   RO         1372    i.cmd_queue_init    pstorage.o
    0x000198e0   0x00000028   Code   RO         1373    i.command_end_procedure_run  pstorage.o
    0x00019908   0x0000002c   Code   RO         1374    i.command_queue_element_consume  pstorage.o
    0x00019934   0x0000008c   Code   RO         1952    i.compare_reg_update  app_timer.o
    0x000199c0   0x0000005c   Code   RO          487    i.conn_int_check    ble_advdata.o
    0x00019a1c   0x00000066   Code   RO          488    i.conn_int_encode   ble_advdata.o
    0x00019a82   0x00000014   Code   RO           11    i.conn_params_error_handler  main.o
    0x00019a96   0x00000002   PAD
    0x00019a98   0x0000005c   Code   RO           12    i.conn_params_init  main.o
    0x00019af4   0x00000094   Code   RO          672    i.conn_params_negotiation  ble_conn_params.o
    0x00019b88   0x0000005a   Code   RO          439    i.connection_buttons_configure  bsp_btn_ble.o
    0x00019be2   0x00000002   PAD
    0x00019be4   0x00000048   Code   RO          794    i.connection_instance_find  device_manager_peripheral.o
    0x00019c2c   0x00000038   Code   RO          795    i.connection_instance_init  device_manager_peripheral.o
    0x00019c64   0x0000005c   Code   RO         1694    i.current_int_priority_get  nrf_drv_ppi.o
    0x00019cc0   0x0000005c   Code   RO         1953    i.current_int_priority_get  app_timer.o
    0x00019d1c   0x00000084   Code   RO         1375    i.data_page_erase_state_run  pstorage.o
    0x00019da0   0x00000038   Code   RO         1376    i.data_to_swap_write_state_run  pstorage.o
    0x00019dd8   0x000000d0   Code   RO          796    i.device_context_store  device_manager_peripheral.o
    0x00019ea8   0x0000007c   Code   RO          797    i.device_instance_allocate  device_manager_peripheral.o
    0x00019f24   0x00000058   Code   RO          798    i.device_instance_find  device_manager_peripheral.o
    0x00019f7c   0x00000030   Code   RO          799    i.device_instance_free  device_manager_peripheral.o
    0x00019fac   0x00000024   Code   RO           13    i.device_manager_evt_handler  main.o
    0x00019fd0   0x000000c0   Code   RO           14    i.device_manager_init  main.o
    0x0001a090   0x00000638   Code   RO          804    i.dm_ble_evt_handler  device_manager_peripheral.o
    0x0001a6c8   0x0000001c   Code   RO          810    i.dm_handle_initialize  device_manager_peripheral.o
    0x0001a6e4   0x00000108   Code   RO          811    i.dm_init           device_manager_peripheral.o
    0x0001a7ec   0x00000244   Code   RO          814    i.dm_pstorage_cb_handler  device_manager_peripheral.o
    0x0001aa30   0x000000bc   Code   RO          815    i.dm_register       device_manager_peripheral.o
    0x0001aaec   0x00000064   Code   RO         1954    i.elapsed_ticks_acquire  app_timer.o
    0x0001ab50   0x00000044   Code   RO         1377    i.erase_sub_state_sm_run  pstorage.o
    0x0001ab94   0x0000005c   Code   RO         1955    i.expired_timers_handler  app_timer.o
    0x0001abf0   0x00000036   Code   RO          489    i.flags_encode      ble_advdata.o
    0x0001ac26   0x00000002   PAD
    0x0001ac28   0x00000030   Code   RO         1378    i.flash_api_err_code_process  pstorage.o
    0x0001ac58   0x00000040   Code   RO         1379    i.flash_operation_failure_run  pstorage.o
    0x0001ac98   0x00000030   Code   RO         1380    i.flash_operation_success_run  pstorage.o
    0x0001acc8   0x00000010   Code   RO         1381    i.flash_page_erase  pstorage.o
    0x0001acd8   0x00000018   Code   RO         1382    i.flash_write       pstorage.o
    0x0001acf0   0x00000088   Code   RO           15    i.gap_params_init   main.o
    0x0001ad78   0x00000006   Code   RO          822    i.gattc_context_apply  device_manager_peripheral.o
    0x0001ad7e   0x00000006   Code   RO          823    i.gattc_context_load  device_manager_peripheral.o
    0x0001ad84   0x00000006   Code   RO          824    i.gattc_context_store  device_manager_peripheral.o
    0x0001ad8a   0x00000002   PAD
    0x0001ad8c   0x000000f4   Code   RO          825    i.gatts_context_apply  device_manager_peripheral.o
    0x0001ae80   0x00000048   Code   RO          826    i.gatts_context_load  device_manager_peripheral.o
    0x0001aec8   0x000000dc   Code   RO          827    i.gatts_context_store  device_manager_peripheral.o
    0x0001afa4   0x0000001a   Code   RO          828    i.gattsc_context_apply  device_manager_peripheral.o
    0x0001afbe   0x0000001e   Code   RO          829    i.gattsc_context_load  device_manager_peripheral.o
    0x0001afdc   0x0000001e   Code   RO          830    i.gattsc_context_store  device_manager_peripheral.o
    0x0001affa   0x00000002   PAD
    0x0001affc   0x00000070   Code   RO         1383    i.head_restore_state_run  pstorage.o
    0x0001b06c   0x00000006   Code   RO           16    i.in_pin_handler    main.o
    0x0001b072   0x00000002   PAD
    0x0001b074   0x000000bc   Code   RO         2189    i.intern_softdevice_events_execute  softdevice_handler.o
    0x0001b130   0x00000020   Code   RO         1696    i.is_allocated_channel  nrf_drv_ppi.o
    0x0001b150   0x00000012   Code   RO         1698    i.is_app_channel    nrf_drv_ppi.o
    0x0001b162   0x00000002   PAD
    0x0001b164   0x00000024   Code   RO          673    i.is_conn_params_ok  ble_conn_params.o
    0x0001b188   0x00000038   Code   RO         2261    i.is_disabled_in_debug_needed  system_nrf51.o
    0x0001b1c0   0x0000006c   Code   RO         2262    i.is_manual_peripheral_setup_needed  system_nrf51.o
    0x0001b22c   0x00000058   Code   RO         1384    i.is_page_erase_required  pstorage.o
    0x0001b284   0x0000001a   Code   RO         1700    i.is_programmable_app_channel  nrf_drv_ppi.o
    0x0001b29e   0x00000002   PAD
    0x0001b2a0   0x00000050   Code   RO         1385    i.is_tail_data_page_swap_required  pstorage.o
    0x0001b2f0   0x00000012   Code   RO         1386    i.is_word_aligned   pstorage.o
    0x0001b302   0x0000006a   Code   RO          490    i.le_role_encode    ble_advdata.o
    0x0001b36c   0x00000094   Code   RO         1956    i.list_deletions_handler  app_timer.o
    0x0001b400   0x00000110   Code   RO         1957    i.list_insertions_handler  app_timer.o
    0x0001b510   0x00000154   Code   RO           17    i.main              main.o
    0x0001b664   0x00000020   Code   RO         1387    i.main_state_err_busy_process  pstorage.o
    0x0001b684   0x00000078   Code   RO          491    i.manuf_specific_data_encode  ble_advdata.o
    0x0001b6fc   0x000000c2   Code   RO          492    i.name_encode       ble_advdata.o
    0x0001b7be   0x00000006   Code   RO          831    i.no_service_context_apply  device_manager_peripheral.o
    0x0001b7c4   0x00000006   Code   RO          832    i.no_service_context_load  device_manager_peripheral.o
    0x0001b7ca   0x00000006   Code   RO          833    i.no_service_context_store  device_manager_peripheral.o
    0x0001b7d0   0x00000038   Code   RO         1093    i.nrf_drv_common_irq_enable  nrf_drv_common.o
    0x0001b808   0x0000001a   Code   RO         1131    i.nrf_drv_gpiote_in_event_addr_get  nrf_drv_gpiote.o
    0x0001b822   0x00000002   PAD
    0x0001b824   0x000000c8   Code   RO         1133    i.nrf_drv_gpiote_in_event_enable  nrf_drv_gpiote.o
    0x0001b8ec   0x000000f4   Code   RO         1134    i.nrf_drv_gpiote_in_init  nrf_drv_gpiote.o
    0x0001b9e0   0x00000050   Code   RO         1137    i.nrf_drv_gpiote_init  nrf_drv_gpiote.o
    0x0001ba30   0x000000f4   Code   RO         1140    i.nrf_drv_gpiote_out_init  nrf_drv_gpiote.o
    0x0001bb24   0x0000001c   Code   RO         1142    i.nrf_drv_gpiote_out_task_addr_get  nrf_drv_gpiote.o
    0x0001bb40   0x0000004c   Code   RO         1144    i.nrf_drv_gpiote_out_task_enable  nrf_drv_gpiote.o
    0x0001bb8c   0x000000d4   Code   RO         1701    i.nrf_drv_ppi_channel_alloc  nrf_drv_ppi.o
    0x0001bc60   0x00000058   Code   RO         1702    i.nrf_drv_ppi_channel_assign  nrf_drv_ppi.o
    0x0001bcb8   0x00000040   Code   RO         1704    i.nrf_drv_ppi_channel_enable  nrf_drv_ppi.o
    0x0001bcf8   0x00000008   Code   RO         1706    i.nrf_drv_ppi_channel_to_mask  nrf_drv_ppi.o
    0x0001bd00   0x0000001c   Code   RO         1713    i.nrf_drv_ppi_init  nrf_drv_ppi.o
    0x0001bd1c   0x00000026   Code   RO         1150    i.nrf_gpio_cfg      nrf_drv_gpiote.o
    0x0001bd42   0x00000046   Code   RO         1152    i.nrf_gpio_cfg_sense_set  nrf_drv_gpiote.o
    0x0001bd88   0x00000010   Code   RO         1153    i.nrf_gpio_pin_clear  nrf_drv_gpiote.o
    0x0001bd98   0x00000010   Code   RO         1154    i.nrf_gpio_pin_set  nrf_drv_gpiote.o
    0x0001bda8   0x0000000c   Code   RO         1155    i.nrf_gpiote_event_addr_get  nrf_drv_gpiote.o
    0x0001bdb4   0x00000010   Code   RO         1156    i.nrf_gpiote_event_clear  nrf_drv_gpiote.o
    0x0001bdc4   0x00000016   Code   RO         1157    i.nrf_gpiote_event_is_set  nrf_drv_gpiote.o
    0x0001bdda   0x00000002   PAD
    0x0001bddc   0x0000000c   Code   RO         1158    i.nrf_gpiote_int_enable  nrf_drv_gpiote.o
    0x0001bde8   0x0000003a   Code   RO           18    i.on_adv_evt        main.o
    0x0001be22   0x00000002   PAD
    0x0001be24   0x0000004c   Code   RO           19    i.on_ble_evt        main.o
    0x0001be70   0x00000034   Code   RO           20    i.on_conn_params_evt  main.o
    0x0001bea4   0x00000018   Code   RO          674    i.on_conn_params_update  ble_conn_params.o
    0x0001bebc   0x0000003c   Code   RO          675    i.on_connect        ble_conn_params.o
    0x0001bef8   0x00000044   Code   RO          676    i.on_disconnect     ble_conn_params.o
    0x0001bf3c   0x0000005c   Code   RO          677    i.on_write          ble_conn_params.o
    0x0001bf98   0x0000001a   Code   RO          604    i.peer_address_exists  ble_advertising.o
    0x0001bfb2   0x00000002   PAD
    0x0001bfb4   0x0000005c   Code   RO          834    i.peer_instance_init  device_manager_peripheral.o
    0x0001c010   0x0000001c   Code   RO         1160    i.pin_in_use_by_gpiote  nrf_drv_gpiote.o
    0x0001c02c   0x00000018   Code   RO         1161    i.pin_in_use_by_port  nrf_drv_gpiote.o
    0x0001c044   0x00000020   Code   RO         1162    i.pin_in_use_by_te  nrf_drv_gpiote.o
    0x0001c064   0x00000010   Code   RO         1163    i.pin_in_use_clear  nrf_drv_gpiote.o
    0x0001c074   0x00000030   Code   RO         1388    i.pstorage_access_status_get  pstorage.o
    0x0001c0a4   0x000000a4   Code   RO         1389    i.pstorage_block_identifier_get  pstorage.o
    0x0001c148   0x00000118   Code   RO         1390    i.pstorage_clear    pstorage.o
    0x0001c260   0x00000028   Code   RO         1391    i.pstorage_flash_page_end  pstorage.o
    0x0001c288   0x0000000a   Code   RO         1392    i.pstorage_flash_page_size  pstorage.o
    0x0001c292   0x00000002   PAD
    0x0001c294   0x00000088   Code   RO         1393    i.pstorage_init     pstorage.o
    0x0001c31c   0x000000fc   Code   RO         1394    i.pstorage_load     pstorage.o
    0x0001c418   0x00000120   Code   RO         1395    i.pstorage_register  pstorage.o
    0x0001c538   0x000000e0   Code   RO         1396    i.pstorage_store    pstorage.o
    0x0001c618   0x0000004c   Code   RO         1397    i.pstorage_sys_event_handler  pstorage.o
    0x0001c664   0x000000e0   Code   RO         1398    i.pstorage_update   pstorage.o
    0x0001c744   0x0000000c   Code   RO         1958    i.rtc1_compare0_set  app_timer.o
    0x0001c750   0x0000000c   Code   RO         1959    i.rtc1_counter_get  app_timer.o
    0x0001c75c   0x00000018   Code   RO         1960    i.rtc1_init         app_timer.o
    0x0001c774   0x0000003c   Code   RO         1961    i.rtc1_start        app_timer.o
    0x0001c7b0   0x00000058   Code   RO         1962    i.rtc1_stop         app_timer.o
    0x0001c808   0x00000036   Code   RO          493    i.sec_mgr_oob_flags_encode  ble_advdata.o
    0x0001c83e   0x00000096   Code   RO          494    i.service_data_encode  ble_advdata.o
    0x0001c8d4   0x00000002   Code   RO           22    i.services_init     main.o
    0x0001c8d6   0x0000005e   Code   RO           23    i.sleep_mode_enter  main.o
    0x0001c934   0x00000014   Code   RO         1399    i.sm_state_change   pstorage.o
    0x0001c948   0x00000012   Code   RO         2190    i.softdevice_assertion_handler  softdevice_handler.o
    0x0001c95a   0x00000002   PAD
    0x0001c95c   0x00000018   Code   RO         2191    i.softdevice_ble_evt_handler_set  softdevice_handler.o
    0x0001c974   0x00000068   Code   RO         2192    i.softdevice_handler_init  softdevice_handler.o
    0x0001c9dc   0x00000018   Code   RO         2195    i.softdevice_sys_evt_handler_set  softdevice_handler.o
    0x0001c9f4   0x00000010   Code   RO          495    i.srdata_check      ble_advdata.o
    0x0001ca04   0x00000010   Code   RO         1400    i.state_data_erase_entry_run  pstorage.o
    0x0001ca14   0x00000098   Code   RO         1401    i.state_data_erase_swap_entry_run  pstorage.o
    0x0001caac   0x0000003c   Code   RO         1402    i.state_entry_action_run  pstorage.o
    0x0001cae8   0x00000010   Code   RO         1403    i.state_erase_data_page_entry_run  pstorage.o
    0x0001caf8   0x0000001c   Code   RO         1404    i.state_idle_entry_run  pstorage.o
    0x0001cb14   0x00000034   Code   RO         1405    i.state_restore_head_entry_run  pstorage.o
    0x0001cb48   0x00000054   Code   RO         1406    i.state_restore_tail_entry_run  pstorage.o
    0x0001cb9c   0x00000008   Code   RO         1407    i.state_store_entry_run  pstorage.o
    0x0001cba4   0x00000026   Code   RO         1408    i.state_swap_erase_entry_run  pstorage.o
    0x0001cbca   0x00000002   PAD
    0x0001cbcc   0x00000034   Code   RO         1409    i.state_write_data_swap_entry_run  pstorage.o
    0x0001cc00   0x00000008   Code   RO          835    i.storage_operation_dummy_handler  device_manager_peripheral.o
    0x0001cc08   0x00000064   Code   RO         1410    i.store_cmd_flash_write_execute  pstorage.o
    0x0001cc6c   0x0000000a   Code   RO         1411    i.store_operation_execute  pstorage.o
    0x0001cc76   0x00000002   PAD
    0x0001cc78   0x0000004c   Code   RO         1412    i.store_sub_state_sm_run  pstorage.o
    0x0001ccc4   0x00000020   Code   RO         1413    i.swap_erase_state_run  pstorage.o
    0x0001cce4   0x00000008   Code   RO         1414    i.swap_sub_sm_exit_action_run  pstorage.o
    0x0001ccec   0x00000018   Code   RO         1415    i.swap_sub_state_entry_action_run  pstorage.o
    0x0001cd04   0x00000020   Code   RO         1416    i.swap_sub_state_err_busy_process  pstorage.o
    0x0001cd24   0x00000018   Code   RO         1417    i.swap_sub_state_sm_run  pstorage.o
    0x0001cd3c   0x00000014   Code   RO         1418    i.swap_sub_state_state_change  pstorage.o
    0x0001cd50   0x00000012   Code   RO           24    i.sys_evt_dispatch  main.o
    0x0001cd62   0x00000002   PAD
    0x0001cd64   0x00000020   Code   RO         1419    i.tail_restore_state_run  pstorage.o
    0x0001cd84   0x00000058   Code   RO         1420    i.tail_word_size_calculate  pstorage.o
    0x0001cddc   0x0000000a   Code   RO         1963    i.ticks_diff_get    app_timer.o
    0x0001cde6   0x00000002   PAD
    0x0001cde8   0x00000040   Code   RO         1964    i.timeout_handler_exec  app_timer.o
    0x0001ce28   0x00000058   Code   RO         1965    i.timer_list_handler  app_timer.o
    0x0001ce80   0x0000000a   Code   RO         1966    i.timer_list_handler_sched  app_timer.o
    0x0001ce8a   0x00000002   PAD
    0x0001ce8c   0x0000006c   Code   RO         1967    i.timer_list_insert  app_timer.o
    0x0001cef8   0x00000070   Code   RO         1968    i.timer_list_remove  app_timer.o
    0x0001cf68   0x00000058   Code   RO         1969    i.timer_start_op_schedule  app_timer.o
    0x0001cfc0   0x00000040   Code   RO         1971    i.timer_stop_op_schedule  app_timer.o
    0x0001d000   0x00000094   Code   RO         1972    i.timer_timeouts_check  app_timer.o
    0x0001d094   0x0000000a   Code   RO         1973    i.timer_timeouts_check_sched  app_timer.o
    0x0001d09e   0x00000002   PAD
    0x0001d0a0   0x00000074   Code   RO           25    i.timers_init       main.o
    0x0001d114   0x00000046   Code   RO          496    i.tk_value_encode   ble_advdata.o
    0x0001d15a   0x00000036   Code   RO          497    i.tx_power_level_encode  ble_advdata.o
    0x0001d190   0x00000012   Code   RO          498    i.uint16_encode     ble_advdata.o
    0x0001d1a2   0x00000008   Code   RO         1421    i.update_operation_execute  pstorage.o
    0x0001d1aa   0x00000002   PAD
    0x0001d1ac   0x00000014   Code   RO          836    i.update_status_bit_reset  device_manager_peripheral.o
    0x0001d1c0   0x0000009c   Code   RO          678    i.update_timeout_handler  ble_conn_params.o
    0x0001d25c   0x00000022   Code   RO         1974    i.user_id_get       app_timer.o
    0x0001d27e   0x0000002e   Code   RO         1975    i.user_op_alloc     app_timer.o
    0x0001d2ac   0x00000004   Code   RO         1976    i.user_op_enque     app_timer.o
    0x0001d2b0   0x00000044   Code   RO          499    i.uuid_list_encode  ble_advdata.o
    0x0001d2f4   0x000000d8   Code   RO          500    i.uuid_list_sized_encode  ble_advdata.o
    0x0001d3cc   0x00000016   Code   RO          605    i.whitelist_has_entries  ble_advertising.o
    0x0001d3e2   0x00000002   PAD
    0x0001d3e4   0x0000000c   Data   RO           27    .constdata          main.o
    0x0001d3f0   0x00000010   Data   RO          352    .constdata          bsp.o
    0x0001d400   0x00000004   Data   RO          680    .constdata          ble_conn_params.o
    0x0001d404   0x00000034   Data   RO          838    .constdata          device_manager_peripheral.o
    0x0001d438   0x00000028   Data   RO         1423    .constdata          pstorage.o
    0x0001d460   0x00000020   Data   RO         2332    Region$$Table       anon$$obj.o


    Execution Region RW_IRAM1 (Base: 0x20002000, Size: 0x00000ef0, Max: 0x00002000, ABSOLUTE)

    Base Addr    Size         Type   Attr      Idx    E Section Name        Object

    0x20002000   0x00000009   Data   RW           28    .data               main.o
    0x20002009   0x00000003   PAD
    0x2000200c   0x0000000d   Data   RW          353    .data               bsp.o
    0x20002019   0x00000003   PAD
    0x2000201c   0x00000008   Data   RW          441    .data               bsp_btn_ble.o
    0x20002024   0x00000020   Data   RW          607    .data               ble_advertising.o
    0x20002044   0x00000015   Data   RW          681    .data               ble_conn_params.o
    0x20002059   0x00000003   PAD
    0x2000205c   0x00000014   Data   RW          839    .data               device_manager_peripheral.o
    0x20002070   0x00000028   Data   RW         1424    .data               pstorage.o
    0x20002098   0x00000009   Data   RW         1717    .data               nrf_drv_ppi.o
    0x200020a1   0x00000003   PAD
    0x200020a4   0x00000022   Data   RW         1977    .data               app_timer.o
    0x200020c6   0x00000002   PAD
    0x200020c8   0x00000018   Data   RW         2196    .data               softdevice_handler.o
    0x200020e0   0x00000004   Data   RW         2263    .data               system_nrf51.o
    0x200020e4   0x00000230   Zero   RW           26    .bss                main.o
    0x20002314   0x00000020   Zero   RW          351    .bss                bsp.o
    0x20002334   0x00000103   Zero   RW          606    .bss                ble_advertising.o
    0x20002437   0x00000001   PAD
    0x20002438   0x0000003c   Zero   RW          679    .bss                ble_conn_params.o
    0x20002474   0x0000014f   Zero   RW          837    .bss                device_manager_peripheral.o
    0x200025c3   0x00000001   PAD
    0x200025c4   0x00000048   Zero   RW         1164    .bss                nrf_drv_gpiote.o
    0x2000260c   0x000000e4   Zero   RW         1422    .bss                pstorage.o
    0x200026f0   0x00000800   Zero   RW         2250    STACK               arm_startup_nrf51.o


==============================================================================

Image component sizes


      Code (inc. data)   RO Data    RW Data    ZI Data      Debug   Object Name

        56          8          0          0          0       7720   app_error.o
      2476        282          0         34          0      35223   app_timer.o
        56         18        192          0       2048        692   arm_startup_nrf51.o
      2102          4          0          0          0      22224   ble_advdata.o
      1480        144          0         32        259       7861   ble_advertising.o
       766        126          4         21         60      16948   ble_conn_params.o
       406         40         16         13         32       8918   bsp.o
       342         10          0          8          0       4182   bsp_btn_ble.o
      4134        300         52         20        335      31681   device_manager_peripheral.o
      1662         96         12          9        560     107028   main.o
       176         18          0          0          0       9020   nrf_drv_common.o
      1776        150          0          0         72      27569   nrf_drv_gpiote.o
       586         38          0          9          0      19649   nrf_drv_ppi.o
      4308        438         40         40        228      44262   pstorage.o
       414         58          0         24          0       6616   softdevice_handler.o
       220         26          0          4          0       1975   system_nrf51.o

    ----------------------------------------------------------------------
     21014       1756        348        228       3596     351568   Object Totals
         0          0         32          0          0          0   (incl. Generated)
        54          0          0         14          2          0   (incl. Padding)

    ----------------------------------------------------------------------

      Code (inc. data)   RO Data    RW Data    ZI Data      Debug   Library Member Name

         0          0          0          0          0          0   entry.o
         0          0          0          0          0          0   entry10a.o
         0          0          0          0          0          0   entry11a.o
         8          4          0          0          0          0   entry2.o
         4          0          0          0          0          0   entry5.o
         0          0          0          0          0          0   entry7b.o
         0          0          0          0          0          0   entry8b.o
         8          4          0          0          0          0   entry9a.o
        30          0          0          0          0          0   handlers.o
        40          0          0          0          0         72   idiv.o
        36          8          0          0          0         68   init.o
        26          0          0          0          0         72   memcmp.o
        36          0          0          0          0         60   memcpya.o
        36          0          0          0          0        100   memseta.o
        44          0          0          0          0         72   uidiv.o

    ----------------------------------------------------------------------
       270         16          0          0          0        444   Library Totals
         2          0          0          0          0          0   (incl. Padding)

    ----------------------------------------------------------------------

      Code (inc. data)   RO Data    RW Data    ZI Data      Debug   Library Name

       268         16          0          0          0        444   mc_p.l

    ----------------------------------------------------------------------
       270         16          0          0          0        444   Library Totals

    ----------------------------------------------------------------------

==============================================================================


      Code (inc. data)   RO Data    RW Data    ZI Data      Debug   

     21284       1772        348        228       3596     342036   Grand Totals
     21284       1772        348        228       3596     342036   ELF Image Totals
     21284       1772        348        228          0          0   ROM Totals

==============================================================================

    Total RO  Size (Code + RO Data)                21632 (  21.13kB)
    Total RW  Size (RW Data + ZI Data)              3824 (   3.73kB)
    Total ROM Size (Code + RO Data + RW Data)      21860 (  21.35kB)

==============================================================================

